Component: ARM Compiler 5.06 update 4 (build 422) Tool: armlink [4d35d2]

==============================================================================

Section Cross References

    startup_stm32f407xx.o(STACK) refers (Special) to heapauxi.o(.text) for __use_two_region_memory
    startup_stm32f407xx.o(HEAP) refers (Special) to heapauxi.o(.text) for __use_two_region_memory
    startup_stm32f407xx.o(RESET) refers (Special) to heapauxi.o(.text) for __use_two_region_memory
    startup_stm32f407xx.o(RESET) refers to startup_stm32f407xx.o(STACK) for __initial_sp
    startup_stm32f407xx.o(RESET) refers to startup_stm32f407xx.o(.text) for Reset_Handler
    startup_stm32f407xx.o(RESET) refers to stm32f4xx_it.o(i.NMI_Handler) for NMI_Handler
    startup_stm32f407xx.o(RESET) refers to stm32f4xx_it.o(i.HardFault_Handler) for HardFault_Handler
    startup_stm32f407xx.o(RESET) refers to stm32f4xx_it.o(i.MemManage_Handler) for MemManage_Handler
    startup_stm32f407xx.o(RESET) refers to stm32f4xx_it.o(i.BusFault_Handler) for BusFault_Handler
    startup_stm32f407xx.o(RESET) refers to stm32f4xx_it.o(i.UsageFault_Handler) for UsageFault_Handler
    startup_stm32f407xx.o(RESET) refers to stm32f4xx_it.o(i.SVC_Handler) for SVC_Handler
    startup_stm32f407xx.o(RESET) refers to stm32f4xx_it.o(i.DebugMon_Handler) for DebugMon_Handler
    startup_stm32f407xx.o(RESET) refers to stm32f4xx_it.o(i.PendSV_Handler) for PendSV_Handler
    startup_stm32f407xx.o(RESET) refers to stm32f4xx_it.o(i.SysTick_Handler) for SysTick_Handler
    startup_stm32f407xx.o(RESET) refers to stm32f4xx_it.o(i.DMA1_Stream1_IRQHandler) for DMA1_Stream1_IRQHandler
    startup_stm32f407xx.o(RESET) refers to stm32f4xx_it.o(i.CAN1_RX0_IRQHandler) for CAN1_RX0_IRQHandler
    startup_stm32f407xx.o(RESET) refers to stm32f4xx_it.o(i.TIM3_IRQHandler) for TIM3_IRQHandler
    startup_stm32f407xx.o(RESET) refers to remote_control.o(i.USART3_IRQHandler) for USART3_IRQHandler
    startup_stm32f407xx.o(RESET) refers to stm32f4xx_it.o(i.DMA2_Stream1_IRQHandler) for DMA2_Stream1_IRQHandler
    startup_stm32f407xx.o(RESET) refers to stm32f4xx_it.o(i.DMA2_Stream2_IRQHandler) for DMA2_Stream2_IRQHandler
    startup_stm32f407xx.o(RESET) refers to stm32f4xx_it.o(i.CAN2_RX0_IRQHandler) for CAN2_RX0_IRQHandler
    startup_stm32f407xx.o(RESET) refers to stm32f4xx_it.o(i.DMA2_Stream6_IRQHandler) for DMA2_Stream6_IRQHandler
    startup_stm32f407xx.o(RESET) refers to stm32f4xx_it.o(i.DMA2_Stream7_IRQHandler) for DMA2_Stream7_IRQHandler
    startup_stm32f407xx.o(RESET) refers to bsp_referee.o(i.USART6_IRQHandler) for USART6_IRQHandler
    startup_stm32f407xx.o(.text) refers (Special) to heapauxi.o(.text) for __use_two_region_memory
    startup_stm32f407xx.o(.text) refers to system_stm32f4xx.o(i.SystemInit) for SystemInit
    startup_stm32f407xx.o(.text) refers to __main.o(!!!main) for __main
    startup_stm32f407xx.o(.text) refers to startup_stm32f407xx.o(HEAP) for Heap_Mem
    startup_stm32f407xx.o(.text) refers to startup_stm32f407xx.o(STACK) for Stack_Mem
    dma.o(i.MX_DMA_Init) refers to stm32f4xx_hal_cortex.o(i.HAL_NVIC_SetPriority) for HAL_NVIC_SetPriority
    dma.o(i.MX_DMA_Init) refers to stm32f4xx_hal_cortex.o(i.HAL_NVIC_EnableIRQ) for HAL_NVIC_EnableIRQ
    my_init.o(i.all_init) refers to chassis_move.o(i.Chassis_PID_Init) for Chassis_PID_Init
    my_init.o(i.all_init) refers to bsp_referee.o(i.referee_usart_fifo_init) for referee_usart_fifo_init
    my_init.o(i.all_init) refers to remote_control.o(i.remote_control_init) for remote_control_init
    my_init.o(i.all_init) refers to bsp_can.o(i.bsp_can_init) for bsp_can_init
    my_init.o(i.all_init) refers to stm32f4xx_hal_tim.o(i.HAL_TIM_Base_Start_IT) for HAL_TIM_Base_Start_IT
    my_init.o(i.all_init) refers to referee.o(i.referee_data_init) for referee_data_init
    my_init.o(i.all_init) refers to tim.o(.bss) for htim3
    main.o(i.SystemClock_Config) refers to rt_memclr_w.o(.text) for __aeabi_memclr4
    main.o(i.SystemClock_Config) refers to stm32f4xx_hal_rcc.o(i.HAL_RCC_OscConfig) for HAL_RCC_OscConfig
    main.o(i.SystemClock_Config) refers to stm32f4xx_hal_rcc.o(i.HAL_RCC_ClockConfig) for HAL_RCC_ClockConfig
    main.o(i.main) refers to stm32f4xx_hal.o(i.HAL_Init) for HAL_Init
    main.o(i.main) refers to main.o(i.SystemClock_Config) for SystemClock_Config
    main.o(i.main) refers to gpio.o(i.MX_GPIO_Init) for MX_GPIO_Init
    main.o(i.main) refers to can.o(i.MX_CAN1_Init) for MX_CAN1_Init
    main.o(i.main) refers to can.o(i.MX_CAN2_Init) for MX_CAN2_Init
    main.o(i.main) refers to tim.o(i.MX_TIM3_Init) for MX_TIM3_Init
    main.o(i.main) refers to usart.o(i.MX_USART1_UART_Init) for MX_USART1_UART_Init
    main.o(i.main) refers to dma.o(i.MX_DMA_Init) for MX_DMA_Init
    main.o(i.main) refers to usart.o(i.MX_USART3_UART_Init) for MX_USART3_UART_Init
    main.o(i.main) refers to usart.o(i.MX_USART6_UART_Init) for MX_USART6_UART_Init
    main.o(i.main) refers to my_init.o(i.all_init) for all_init
[...]
    x$fpl$basic                              0x080053aa   Section       24  basic.o(x$fpl$basic)
    $v0                                      0x080053aa   Number         0  basic.o(x$fpl$basic)
    x$fpl$d2f                                0x080053c4   Section       98  d2f.o(x$fpl$d2f)
    $v0                                      0x080053c4   Number         0  d2f.o(x$fpl$d2f)
    x$fpl$dadd                               0x08005428   Section      336  daddsub_clz.o(x$fpl$dadd)
    $v0                                      0x08005428   Number         0  daddsub_clz.o(x$fpl$dadd)
    _dadd1                                   0x08005439   Thumb Code     0  daddsub_clz.o(x$fpl$dadd)
    x$fpl$ddiv                               0x08005578   Section      688  ddiv.o(x$fpl$ddiv)
    $v0                                      0x08005578   Number         0  ddiv.o(x$fpl$ddiv)
    ddiv_entry                               0x0800557f   Thumb Code     0  ddiv.o(x$fpl$ddiv)
    x$fpl$dfix                               0x08005828   Section       94  dfix.o(x$fpl$dfix)
    $v0                                      0x08005828   Number         0  dfix.o(x$fpl$dfix)
    x$fpl$dflt                               0x08005886   Section       46  dflt_clz.o(x$fpl$dflt)
    $v0                                      0x08005886   Number         0  dflt_clz.o(x$fpl$dflt)
    x$fpl$dfltu                              0x080058b4   Section       38  dflt_clz.o(x$fpl$dfltu)
    $v0                                      0x080058b4   Number         0  dflt_clz.o(x$fpl$dfltu)
    x$fpl$dmul                               0x080058dc   Section      340  dmul.o(x$fpl$dmul)
    $v0                                      0x080058dc   Number         0  dmul.o(x$fpl$dmul)
    x$fpl$dnaninf                            0x08005a30   Section      156  dnaninf.o(x$fpl$dnaninf)
    $v0                                      0x08005a30   Number         0  dnaninf.o(x$fpl$dnaninf)
    x$fpl$dretinf                            0x08005acc   Section       12  dretinf.o(x$fpl$dretinf)
    $v0                                      0x08005acc   Number         0  dretinf.o(x$fpl$dretinf)
    x$fpl$drsb                               0x08005ad8   Section       22  daddsub_clz.o(x$fpl$drsb)
    $v0                                      0x08005ad8   Number         0  daddsub_clz.o(x$fpl$drsb)
    x$fpl$dsqrt                              0x08005af0   Section      408  dsqrt_umaal.o(x$fpl$dsqrt)
    $v0                                      0x08005af0   Number         0  dsqrt_umaal.o(x$fpl$dsqrt)
    x$fpl$dsub                               0x08005c88   Section      468  daddsub_clz.o(x$fpl$dsub)
    $v0                                      0x08005c88   Number         0  daddsub_clz.o(x$fpl$dsub)
    _dsub1                                   0x08005c99   Thumb Code     0  daddsub_clz.o(x$fpl$dsub)
    x$fpl$f2d                                0x08005e5c   Section       86  f2d.o(x$fpl$f2d)
    $v0                                      0x08005e5c   Number         0  f2d.o(x$fpl$f2d)
    x$fpl$fnaninf                            0x08005eb2   Section      140  fnaninf.o(x$fpl$fnaninf)
    $v0                                      0x08005eb2   Number         0  fnaninf.o(x$fpl$fnaninf)
    x$fpl$fpinit                             0x08005f3e   Section       10  fpinit.o(x$fpl$fpinit)
    $v0                                      0x08005f3e   Number         0  fpinit.o(x$fpl$fpinit)
    x$fpl$fretinf                            0x08005f48   Section       10  fretinf.o(x$fpl$fretinf)
    $v0                                      0x08005f48   Number         0  fretinf.o(x$fpl$fretinf)
    .constdata                               0x08005f52   Section        8  stm32f4xx_hal_dma.o(.constdata)
    x$fpl$usenofp                            0x08005f52   Section        0  usenofp.o(x$fpl$usenofp)
    flagBitshiftOffset                       0x08005f52   Data           8  stm32f4xx_hal_dma.o(.constdata)
    .constdata                               0x08005f5a   Section       16  system_stm32f4xx.o(.constdata)
    .constdata                               0x08005f6a   Section        8  system_stm32f4xx.o(.constdata)
    .constdata                               0x08005f72   Section      768  crc8_crc16.o(.constdata)
    .constdata                               0x08006278   Section       48  cos_i.o(.constdata)
    C                                        0x08006278   Data          48  cos_i.o(.constdata)
    .constdata                               0x080062a8   Section      200  rred.o(.constdata)
    pio2s                                    0x080062a8   Data          48  rred.o(.constdata)
    twooverpi                                0x080062d8   Data         152  rred.o(.constdata)
    .constdata                               0x08006370   Section       40  sin_i.o(.constdata)
    S                                        0x08006370   Data          40  sin_i.o(.constdata)
    .data                                    0x20000000   Section        4  can.o(.data)
    HAL_RCC_CAN1_CLK_ENABLED                 0x20000000   Data           4  can.o(.data)
    .data                                    0x20000004   Section      464  chassis_move.o(.data)
    step_flag                                0x20000004   Data           1  chassis_move.o(.data)
    Power_out_1                              0x20000010   Data           4  chassis_move.o(.data)
    Power_out_2                              0x20000014   Data           4  chassis_move.o(.data)
    Power_out_3                              0x20000018   Data           4  chassis_move.o(.data)
    Power_out_4                              0x2000001c   Data           4  chassis_move.o(.data)
    Power_out                                0x20000020   Data           4  chassis_move.o(.data)
    Power_in_1                               0x20000024   Data           4  chassis_move.o(.data)
    Power_in_2                               0x20000028   Data           4  chassis_move.o(.data)
    Power_in_3                               0x2000002c   Data           4  chassis_move.o(.data)
    Power_in_4                               0x20000030   Data           4  chassis_move.o(.data)
    Power_in                                 0x20000034   Data           4  chassis_move.o(.data)
    Target_current_square_sum                0x20000038   Data           4  chassis_move.o(.data)
    Actual_speed_square_sum                  0x2000003c   Data           4  chassis_move.o(.data)
    K_limit                                  0x20000040   Data           4  chassis_move.o(.data)
    POWER_K1                                 0x20000044   Data           4  chassis_move.o(.data)
    POWER_K2                                 0x20000048   Data           4  chassis_move.o(.data)
    offset                                   0x2000004c   Data           4  chassis_move.o(.data)
    reduction_ratio                          0x20000050   Data           4  chassis_move.o(.data)
    step_times_x                             0x20000054   Data           4  chassis_move.o(.data)
    step_times_y                             0x20000058   Data           4  chassis_move.o(.data)
    TIME_LIMIT                               0x2000005c   Data           4  chassis_move.o(.data)
    STEP_VALUE                               0x20000060   Data           4  chassis_move.o(.data)
    time                                     0x20000064   Data           4  chassis_move.o(.data)
    avx                                      0x20000068   Data           4  chassis_move.o(.data)
    avy                                      0x2000006c   Data           4  chassis_move.o(.data)
    last_vx                                  0x20000070   Data           4  chassis_move.o(.data)
    last_vy                                  0x20000074   Data           4  chassis_move.o(.data)
    k_vx                                     0x2000007c   Data           4  chassis_move.o(.data)
    k_vy                                     0x20000080   Data           4  chassis_move.o(.data)
    b_vx                                     0x20000084   Data           4  chassis_move.o(.data)
    b_vy                                     0x20000088   Data           4  chassis_move.o(.data)
    cdata                                    0x20000098   Data           8  chassis_move.o(.data)
    .data                                    0x200001d4   Section        4  chassis_task.o(.data)
    time_count                               0x200001d4   Data           4  chassis_task.o(.data)
    .data                                    0x200001d8   Section       24  remote_control.o(.data)
    this_time_rx_len                         0x200001d8   Data           2  remote_control.o(.data)
    .data                                    0x200001f0   Section       18  referee.o(.data)
    referee_receive_header                   0x200001f0   Data           5  referee.o(.data)
    referee_send_header                      0x200001f5   Data           5  referee.o(.data)
    .data                                    0x20000202   Section        2  supercap.o(.data)
    .data                                    0x20000204   Section        9  referee_cmd.o(.data)
    seq                                      0x20000204   Data           1  referee_cmd.o(.data)
    radar_cmd                                0x20000205   Data           1  referee_cmd.o(.data)
    robot_interaction_data                   0x20000206   Data           7  referee_cmd.o(.data)
    .data                                    0x20000210   Section       28  bsp_can.o(.data)
    adata                                    0x20000214   Data           8  bsp_can.o(.data)
    can_tx1                                  0x2000021c   Data           8  bsp_can.o(.data)
    can_tx2                                  0x20000224   Data           8  bsp_can.o(.data)
    .data                                    0x2000022c   Section        2  bsp_referee.o(.data)
    this_time_rx_len                         0x2000022c   Data           2  bsp_referee.o(.data)
    .data                                    0x20000230   Section       12  stm32f4xx_hal.o(.data)
    .data                                    0x2000023c   Section        4  system_stm32f4xx.o(.data)
    .data                                    0x20000240   Section        2  crc8_crc16.o(.data)
    .bss                                     0x20000244   Section       80  can.o(.bss)
    .bss                                     0x20000294   Section       72  tim.o(.bss)
    .bss                                     0x200002dc   Section      684  usart.o(.bss)
    .bss                                     0x20000588   Section       84  pid.o(.bss)
    .bss                                     0x200005dc   Section       84  pid.o(.bss)
    .bss                                     0x20000630   Section      236  pid.o(.bss)
    .bss                                     0x2000071c   Section      236  pid.o(.bss)
    .bss                                     0x20000808   Section      236  pid.o(.bss)
    .bss                                     0x200008f4   Section      236  pid.o(.bss)
    .bss                                     0x200009e0   Section      236  pid.o(.bss)
    .bss                                     0x20000acc   Section       84  pid.o(.bss)
    .bss                                     0x20000b20   Section       84  pid.o(.bss)
    .bss                                     0x20000b74   Section       84  pid.o(.bss)
    .bss                                     0x20000bc8   Section       88  kinematics.o(.bss)
    .bss                                     0x20000c20   Section       24  chassis_move.o(.bss)
    .bss                                     0x20000c38   Section       72  remote_control.o(.bss)
    sbus_rx_buf                              0x20000c38   Data          72  remote_control.o(.bss)
    .bss                                     0x20000c80   Section      562  referee.o(.bss)
    referee_unpack_obj                       0x20000e29   Data         137  referee.o(.bss)
    .bss                                     0x20000eb2   Section       54  referee_cmd.o(.bss)
    item                                     0x20000eb2   Data          54  referee_cmd.o(.bss)
    .bss                                     0x20000ee8   Section     1304  bsp_referee.o(.bss)
    .bss                                     0x20001400   Section       96  libspace.o(.bss)
    HEAP                                     0x20001460   Section      512  startup_stm32f407xx.o(HEAP)
    Heap_Mem                                 0x20001460   Data         512  startup_stm32f407xx.o(HEAP)
    STACK                                    0x20001660   Section     1024  startup_stm32f407xx.o(STACK)
    Stack_Mem                                0x20001660   Data        1024  startup_stm32f407xx.o(STACK)
    __initial_sp                             0x20001a60   Data           0  startup_stm32f407xx.o(STACK)

    Global Symbols

    Symbol Name                              Value     Ov Type        Size  Object(Section)

    BuildAttributes$$THM_ISAv4$E$P$D$K$B$S$7EM$VFPi3$EXTD16$VFPS$VFMA$PE$A:L22UL41UL21$X:L11$S22US41US21$IEEE1$IW$USESV6$~STKCKD$USESV7$~SHL$OTIME$ROPI$IEEEX$EBA8$UX$STANDARDLIB$REQ8$PRES8$EABIv2 0x00000000   Number         0  anon$$obj.o ABSOLUTE
    __ARM_use_no_argv                        0x00000000   Number         0  main.o ABSOLUTE
    __ARM_exceptions_init                     - Undefined Weak Reference
    __alloca_initialize                       - Undefined Weak Reference
    __arm_preinit_                            - Undefined Weak Reference
    __cpp_initialize__aeabi_                  - Undefined Weak Reference
    __cxa_finalize                            - Undefined Weak Reference
    __rt_locale                               - Undefined Weak Reference
    __sigvec_lookup                           - Undefined Weak Reference
    __user_heap_extent                        - Undefined Weak Reference
    _atexit_init                              - Undefined Weak Reference
    _call_atexit_fns                          - Undefined Weak Reference
    _clock_init                               - Undefined Weak Reference
    _fp_trap_init                             - Undefined Weak Reference
    _fp_trap_shutdown                         - Undefined Weak Reference
    _get_lc_collate                           - Undefined Weak Reference
    _get_lc_ctype                             - Undefined Weak Reference
    _get_lc_monetary                          - Undefined Weak Reference
    _get_lc_numeric                           - Undefined Weak Reference
    _get_lc_time                              - Undefined Weak Reference
    _getenv_init                              - Undefined Weak Reference
    _handle_redirection                       - Undefined Weak Reference
    _initio                                   - Undefined Weak Reference
    _mutex_acquire                            - Undefined Weak Reference
    _mutex_free                               - Undefined Weak Reference
    _mutex_release                            - Undefined Weak Reference
    _rand_init                                - Undefined Weak Reference
    _signal_finish                            - Undefined Weak Reference
    _signal_init                              - Undefined Weak Reference
    _terminateio                              - Undefined Weak Reference
    __Vectors_Size                           0x00000188   Number         0  startup_stm32f407xx.o ABSOLUTE
    __Vectors                                0x08000000   Data           4  startup_stm32f407xx.o(RESET)
    __Vectors_End                            0x08000188   Data           0  startup_stm32f407xx.o(RESET)
    __main                                   0x08000189   Thumb Code     8  __main.o(!!!main)
    __scatterload                            0x08000191   Thumb Code     0  __scatter.o(!!!scatter)
    __scatterload_rt2                        0x08000191   Thumb Code    44  __scatter.o(!!!scatter)
    __scatterload_rt2_thumb_only             0x08000191   Thumb Code     0  __scatter.o(!!!scatter)
    __scatterload_null                       0x0800019f   Thumb Code     0  __scatter.o(!!!scatter)
    __decompress                             0x080001c5   Thumb Code    90  __dczerorl2.o(!!dczerorl2)
    __decompress1                            0x080001c5   Thumb Code     0  __dczerorl2.o(!!dczerorl2)
    __scatterload_zeroinit                   0x08000221   Thumb Code    28  __scatter_zi.o(!!handler_zi)
    __rt_lib_init                            0x0800023d   Thumb Code     0  libinit.o(.ARM.Collect$$libinit$$00000000)
    __rt_lib_init_fp_1                       0x0800023f   Thumb Code     0  libinit2.o(.ARM.Collect$$libinit$$00000001)
    __rt_lib_init_alloca_1                   0x08000243   Thumb Code     0  libinit2.o(.ARM.Collect$$libinit$$0000002E)
    __rt_lib_init_argv_1                     0x08000243   Thumb Code     0  libinit2.o(.ARM.Collect$$libinit$$0000002C)
    __rt_lib_init_atexit_1                   0x08000243   Thumb Code     0  libinit2.o(.ARM.Collect$$libinit$$0000001B)
    __rt_lib_init_clock_1                    0x08000243   Thumb Code     0  libinit2.o(.ARM.Collect$$libinit$$00000021)
    __rt_lib_init_cpp_1                      0x08000243   Thumb Code     0  libinit2.o(.ARM.Collect$$libinit$$00000032)
    __rt_lib_init_exceptions_1               0x08000243   Thumb Code     0  libinit2.o(.ARM.Collect$$libinit$$00000030)
    __rt_lib_init_fp_trap_1                  0x08000243   Thumb Code     0  libinit2.o(.ARM.Collect$$libinit$$0000001F)
    __rt_lib_init_getenv_1                   0x08000243   Thumb Code     0  libinit2.o(.ARM.Collect$$libinit$$00000023)
    __rt_lib_init_heap_1                     0x08000243   Thumb Code     0  libinit2.o(.ARM.Collect$$libinit$$0000000A)
    __rt_lib_init_lc_collate_1               0x08000243   Thumb Code     0  libinit2.o(.ARM.Collect$$libinit$$00000011)
    __rt_lib_init_lc_ctype_1                 0x08000243   Thumb Code     0  libinit2.o(.ARM.Collect$$libinit$$00000013)
    __rt_lib_init_lc_monetary_1              0x08000243   Thumb Code     0  libinit2.o(.ARM.Collect$$libinit$$00000015)
    __rt_lib_init_lc_numeric_1               0x08000243   Thumb Code     0  libinit2.o(.ARM.Collect$$libinit$$00000017)
    __rt_lib_init_lc_time_1                  0x08000243   Thumb Code     0  libinit2.o(.ARM.Collect$$libinit$$00000019)
    __rt_lib_init_preinit_1                  0x08000243   Thumb Code     0  libinit2.o(.ARM.Collect$$libinit$$00000004)
    __rt_lib_init_rand_1                     0x08000243   Thumb Code     0  libinit2.o(.ARM.Collect$$libinit$$0000000E)
    __rt_lib_init_return                     0x08000243   Thumb Code     0  libinit2.o(.ARM.Collect$$libinit$$00000033)
    __rt_lib_init_signal_1                   0x08000243   Thumb Code     0  libinit2.o(.ARM.Collect$$libinit$$0000001D)
    __rt_lib_init_stdio_1                    0x08000243   Thumb Code     0  libinit2.o(.ARM.Collect$$libinit$$00000025)
    __rt_lib_init_user_alloc_1               0x08000243   Thumb Code     0  libinit2.o(.ARM.Collect$$libinit$$0000000C)
    __rt_lib_shutdown                        0x08000245   Thumb Code     0  libshutdown.o(.ARM.Collect$$libshutdown$$00000000)
    __rt_lib_shutdown_cpp_1                  0x08000247   Thumb Code     0  libshutdown2.o(.ARM.Collect$$libshutdown$$00000002)
    __rt_lib_shutdown_fp_trap_1              0x08000247   Thumb Code     0  libshutdown2.o(.ARM.Collect$$libshutdown$$00000007)
    __rt_lib_shutdown_heap_1                 0x08000247   Thumb Code     0  libshutdown2.o(.ARM.Collect$$libshutdown$$0000000F)
    __rt_lib_shutdown_return                 0x08000247   Thumb Code     0  libshutdown2.o(.ARM.Collect$$libshutdown$$00000010)
    __rt_lib_shutdown_signal_1               0x08000247   Thumb Code     0  libshutdown2.o(.ARM.Collect$$libshutdown$$0000000A)
    __rt_lib_shutdown_stdio_1                0x08000247   Thumb Code     0  libshutdown2.o(.ARM.Collect$$libshutdown$$00000004)
    __rt_lib_shutdown_user_alloc_1           0x08000247   Thumb Code     0  libshutdown2.o(.ARM.Collect$$libshutdown$$0000000C)
    __rt_entry                               0x08000249   Thumb Code     0  __rtentry.o(.ARM.Collect$$rtentry$$00000000)
    __rt_entry_presh_1                       0x08000249   Thumb Code     0  __rtentry2.o(.ARM.Collect$$rtentry$$00000002)
    __rt_entry_sh                            0x08000249   Thumb Code     0  __rtentry4.o(.ARM.Collect$$rtentry$$00000004)
    __rt_entry_li                            0x0800024f   Thumb Code     0  __rtentry2.o(.ARM.Collect$$rtentry$$0000000A)
    __rt_entry_postsh_1                      0x0800024f   Thumb Code     0  __rtentry2.o(.ARM.Collect$$rtentry$$00000009)
    __rt_entry_main                          0x08000253   Thumb Code     0  __rtentry2.o(.ARM.Collect$$rtentry$$0000000D)
    __rt_entry_postli_1                      0x08000253   Thumb Code     0  __rtentry2.o(.ARM.Collect$$rtentry$$0000000C)
    __rt_exit                                0x0800025b   Thumb Code     0  rtexit.o(.ARM.Collect$$rtexit$$00000000)
    __rt_exit_ls                             0x0800025d   Thumb Code     0  rtexit2.o(.ARM.Collect$$rtexit$$00000003)
    __rt_exit_prels_1                        0x0800025d   Thumb Code     0  rtexit2.o(.ARM.Collect$$rtexit$$00000002)
    __rt_exit_exit                           0x08000261   Thumb Code     0  rtexit2.o(.ARM.Collect$$rtexit$$00000004)
    Reset_Handler                            0x08000269   Thumb Code     8  startup_stm32f407xx.o(.text)
    ADC_IRQHandler                           0x08000283   Thumb Code     0  startup_stm32f407xx.o(.text)
    CAN1_RX1_IRQHandler                      0x08000283   Thumb Code     0  startup_stm32f407xx.o(.text)
    CAN1_SCE_IRQHandler                      0x08000283   Thumb Code     0  startup_stm32f407xx.o(.text)
    CAN1_TX_IRQHandler                       0x08000283   Thumb Code     0  startup_stm32f407xx.o(.text)
    CAN2_RX1_IRQHandler                      0x08000283   Thumb Code     0  startup_stm32f407xx.o(.text)
    CAN2_SCE_IRQHandler                      0x08000283   Thumb Code     0  startup_stm32f407xx.o(.text)
    CAN2_TX_IRQHandler                       0x08000283   Thumb Code     0  startup_stm32f407xx.o(.text)
    DCMI_IRQHandler                          0x08000283   Thumb Code     0  startup_stm32f407xx.o(.text)
    DMA1_Stream0_IRQHandler                  0x08000283   Thumb Code     0  startup_stm32f407xx.o(.text)
    DMA1_Stream2_IRQHandler                  0x08000283   Thumb Code     0  startup_stm32f407xx.o(.text)
    DMA1_Stream3_IRQHandler                  0x08000283   Thumb Code     0  startup_stm32f407xx.o(.text)
    DMA1_Stream4_IRQHandler                  0x08000283   Thumb Code     0  startup_stm32f407xx.o(.text)
    DMA1_Stream5_IRQHandler                  0x08000283   Thumb Code     0  startup_stm32f407xx.o(.text)
    DMA1_Stream6_IRQHandler                  0x08000283   Thumb Code     0  startup_stm32f407xx.o(.text)
    DMA1_Stream7_IRQHandler                  0x08000283   Thumb Code     0  startup_stm32f407xx.o(.text)
    DMA2_Stream0_IRQHandler                  0x08000283   Thumb Code     0  startup_stm32f407xx.o(.text)
    DMA2_Stream3_IRQHandler                  0x08000283   Thumb Code     0  startup_stm32f407xx.o(.text)
    DMA2_Stream4_IRQHandler                  0x08000283   Thumb Code     0  startup_stm32f407xx.o(.text)
    DMA2_Stream5_IRQHandler                  0x08000283   Thumb Code     0  startup_stm32f407xx.o(.text)
    ETH_IRQHandler                           0x08000283   Thumb Code     0  startup_stm32f407xx.o(.text)
    ETH_WKUP_IRQHandler                      0x08000283   Thumb Code     0  startup_stm32f407xx.o(.text)
    EXTI0_IRQHandler                         0x08000283   Thumb Code     0  startup_stm32f407xx.o(.text)
    EXTI15_10_IRQHandler                     0x08000283   Thumb Code     0  startup_stm32f407xx.o(.text)
    EXTI1_IRQHandler                         0x08000283   Thumb Code     0  startup_stm32f407xx.o(.text)
    EXTI2_IRQHandler                         0x08000283   Thumb Code     0  startup_stm32f407xx.o(.text)
    EXTI3_IRQHandler                         0x08000283   Thumb Code     0  startup_stm32f407xx.o(.text)
    EXTI4_IRQHandler                         0x08000283   Thumb Code     0  startup_stm32f407xx.o(.text)
    EXTI9_5_IRQHandler                       0x08000283   Thumb Code     0  startup_stm32f407xx.o(.text)
    FLASH_IRQHandler                         0x08000283   Thumb Code     0  startup_stm32f407xx.o(.text)
    FMC_IRQHandler                           0x08000283   Thumb Code     0  startup_stm32f407xx.o(.text)
    FPU_IRQHandler                           0x08000283   Thumb Code     0  startup_stm32f407xx.o(.text)
    HASH_RNG_IRQHandler                      0x08000283   Thumb Code     0  startup_stm32f407xx.o(.text)
    I2C1_ER_IRQHandler                       0x08000283   Thumb Code     0  startup_stm32f407xx.o(.text)
    I2C1_EV_IRQHandler                       0x08000283   Thumb Code     0  startup_stm32f407xx.o(.text)
    I2C2_ER_IRQHandler                       0x08000283   Thumb Code     0  startup_stm32f407xx.o(.text)
    I2C2_EV_IRQHandler                       0x08000283   Thumb Code     0  startup_stm32f407xx.o(.text)
    I2C3_ER_IRQHandler                       0x08000283   Thumb Code     0  startup_stm32f407xx.o(.text)
    I2C3_EV_IRQHandler                       0x08000283   Thumb Code     0  startup_stm32f407xx.o(.text)
    OTG_FS_IRQHandler                        0x08000283   Thumb Code     0  startup_stm32f407xx.o(.text)
    OTG_FS_WKUP_IRQHandler                   0x08000283   Thumb Code     0  startup_stm32f407xx.o(.text)
    OTG_HS_EP1_IN_IRQHandler                 0x08000283   Thumb Code     0  startup_stm32f407xx.o(.text)
    OTG_HS_EP1_OUT_IRQHandler                0x08000283   Thumb Code     0  startup_stm32f407xx.o(.text)
    OTG_HS_IRQHandler                        0x08000283   Thumb Code     0  startup_stm32f407xx.o(.text)
    OTG_HS_WKUP_IRQHandler                   0x08000283   Thumb Code     0  startup_stm32f407xx.o(.text)
    PVD_IRQHandler                           0x08000283   Thumb Code     0  startup_stm32f407xx.o(.text)
    RCC_IRQHandler                           0x08000283   Thumb Code     0  startup_stm32f407xx.o(.text)
    RTC_Alarm_IRQHandler                     0x08000283   Thumb Code     0  startup_stm32f407xx.o(.text)
    RTC_WKUP_IRQHandler                      0x08000283   Thumb Code     0  startup_stm32f407xx.o(.text)
    SDIO_IRQHandler                          0x08000283   Thumb Code     0  startup_stm32f407xx.o(.text)
    SPI1_IRQHandler                          0x08000283   Thumb Code     0  startup_stm32f407xx.o(.text)
    SPI2_IRQHandler                          0x08000283   Thumb Code     0  startup_stm32f407xx.o(.text)
    SPI3_IRQHandler                          0x08000283   Thumb Code     0  startup_stm32f407xx.o(.text)
    TAMP_STAMP_IRQHandler                    0x08000283   Thumb Code     0  startup_stm32f407xx.o(.text)
    TIM1_BRK_TIM9_IRQHandler                 0x08000283   Thumb Code     0  startup_stm32f407xx.o(.text)
    TIM1_CC_IRQHandler                       0x08000283   Thumb Code     0  startup_stm32f407xx.o(.text)
    TIM1_TRG_COM_TIM11_IRQHandler            0x08000283   Thumb Code     0  startup_stm32f407xx.o(.text)
    TIM1_UP_TIM10_IRQHandler                 0x08000283   Thumb Code     0  startup_stm32f407xx.o(.text)
    TIM2_IRQHandler                          0x08000283   Thumb Code     0  startup_stm32f407xx.o(.text)
    TIM4_IRQHandler                          0x08000283   Thumb Code     0  startup_stm32f407xx.o(.text)
    TIM5_IRQHandler                          0x08000283   Thumb Code     0  startup_stm32f407xx.o(.text)
    TIM6_DAC_IRQHandler                      0x08000283   Thumb Code     0  startup_stm32f407xx.o(.text)
    TIM7_IRQHandler                          0x08000283   Thumb Code     0  startup_stm32f407xx.o(.text)
    TIM8_BRK_TIM12_IRQHandler                0x08000283   Thumb Code     0  startup_stm32f407xx.o(.text)
    TIM8_CC_IRQHandler                       0x08000283   Thumb Code     0  startup_stm32f407xx.o(.text)
    TIM8_TRG_COM_TIM14_IRQHandler            0x08000283   Thumb Code     0  startup_stm32f407xx.o(.text)
    TIM8_UP_TIM13_IRQHandler                 0x08000283   Thumb Code     0  startup_stm32f407xx.o(.text)
    UART4_IRQHandler                         0x08000283   Thumb Code     0  startup_stm32f407xx.o(.text)
    UART5_IRQHandler                         0x08000283   Thumb Code     0  startup_stm32f407xx.o(.text)
    USART1_IRQHandler                        0x08000283   Thumb Code     0  startup_stm32f407xx.o(.text)
    USART2_IRQHandler                        0x08000283   Thumb Code     0  startup_stm32f407xx.o(.text)
    WWDG_IRQHandler                          0x08000283   Thumb Code     0  startup_stm32f407xx.o(.text)
    __user_initial_stackheap                 0x08000285   Thumb Code     0  startup_stm32f407xx.o(.text)
    __aeabi_uldivmod                         0x080002a9   Thumb Code     0  lludivv7m.o(.text)
    _ll_udiv                                 0x080002a9   Thumb Code   238  lludivv7m.o(.text)
    __aeabi_memcpy                           0x08000397   Thumb Code     0  rt_memcpy_v6.o(.text)
    __rt_memcpy                              0x08000397   Thumb Code   138  rt_memcpy_v6.o(.text)
    _memcpy_lastbytes                        0x080003fd   Thumb Code     0  rt_memcpy_v6.o(.text)
    __aeabi_memclr                           0x08000421   Thumb Code     0  rt_memclr.o(.text)
    __rt_memclr                              0x08000421   Thumb Code    68  rt_memclr.o(.text)
    _memset                                  0x08000425   Thumb Code     0  rt_memclr.o(.text)
    __aeabi_memclr4                          0x08000465   Thumb Code     0  rt_memclr_w.o(.text)
    __aeabi_memclr8                          0x08000465   Thumb Code     0  rt_memclr_w.o(.text)
    __rt_memclr_w                            0x08000465   Thumb Code    78  rt_memclr_w.o(.text)
    _memset_w                                0x08000469   Thumb Code     0  rt_memclr_w.o(.text)
    __use_two_region_memory                  0x080004b3   Thumb Code     2  heapauxi.o(.text)
    __rt_heap_escrow                         0x080004b5   Thumb Code     2  heapauxi.o(.text)
    __rt_heap_expand                         0x080004b7   Thumb Code     2  heapauxi.o(.text)
    __read_errno                             0x080004b9   Thumb Code    10  _rserrno.o(.text)
    __set_errno                              0x080004c3   Thumb Code    12  _rserrno.o(.text)
    __aeabi_memcpy4                          0x080004cf   Thumb Code     0  rt_memcpy_w.o(.text)
    __aeabi_memcpy8                          0x080004cf   Thumb Code     0  rt_memcpy_w.o(.text)
    __rt_memcpy_w                            0x080004cf   Thumb Code   100  rt_memcpy_w.o(.text)
    _memcpy_lastbytes_aligned                0x08000517   Thumb Code     0  rt_memcpy_w.o(.text)
    __user_libspace                          0x08000535   Thumb Code     8  libspace.o(.text)
    __user_perproc_libspace                  0x08000535   Thumb Code     0  libspace.o(.text)
    __user_perthread_libspace                0x08000535   Thumb Code     0  libspace.o(.text)
    __aeabi_errno_addr                       0x0800053d   Thumb Code     8  rt_errno_addr_intlibspace.o(.text)
    __errno$intlibspace                      0x0800053d   Thumb Code     0  rt_errno_addr_intlibspace.o(.text)
    __rt_errno_addr$intlibspace              0x0800053d   Thumb Code     0  rt_errno_addr_intlibspace.o(.text)
    __I$use$semihosting                      0x08000545   Thumb Code     0  use_no_semi.o(.text)
    __use_no_semihosting_swi                 0x08000545   Thumb Code     2  use_no_semi.o(.text)
    __semihosting_library_function           0x08000547   Thumb Code     0  indicate_semi.o(.text)
    __user_setup_stackheap                   0x08000547   Thumb Code    74  sys_stackheap_outer.o(.text)
    exit                                     0x08000591   Thumb Code    18  exit.o(.text)
    _sys_exit                                0x080005a5   Thumb Code     8  sys_exit.o(.text)
    BaseVel_To_WheelVel                      0x080005b1   Thumb Code   274  kinematics.o(i.BaseVel_To_WheelVel)
    BusFault_Handler                         0x080006f1   Thumb Code     2  stm32f4xx_it.o(i.BusFault_Handler)
    CAN1_RX0_IRQHandler                      0x080006f5   Thumb Code     6  stm32f4xx_it.o(i.CAN1_RX0_IRQHandler)
    CAN2_RX0_IRQHandler                      0x08000701   Thumb Code     6  stm32f4xx_it.o(i.CAN2_RX0_IRQHandler)
    Can_Data_Solve                           0x0800070d   Thumb Code   146  bsp_can.o(i.Can_Data_Solve)
    Can_Tx_Message                           0x080007a9   Thumb Code    54  bsp_can.o(i.Can_Tx_Message)
    Chassis_PID_Init                         0x080007e9   Thumb Code   114  chassis_move.o(i.Chassis_PID_Init)
    DMA1_Stream1_IRQHandler                  0x080008f9   Thumb Code     6  stm32f4xx_it.o(i.DMA1_Stream1_IRQHandler)
    DMA2_Stream1_IRQHandler                  0x08000905   Thumb Code     6  stm32f4xx_it.o(i.DMA2_Stream1_IRQHandler)
    DMA2_Stream2_IRQHandler                  0x08000911   Thumb Code     6  stm32f4xx_it.o(i.DMA2_Stream2_IRQHandler)
    DMA2_Stream6_IRQHandler                  0x0800091d   Thumb Code     6  stm32f4xx_it.o(i.DMA2_Stream6_IRQHandler)
    DMA2_Stream7_IRQHandler                  0x08000929   Thumb Code     6  stm32f4xx_it.o(i.DMA2_Stream7_IRQHandler)
    DebugMon_Handler                         0x080009b1   Thumb Code     2  stm32f4xx_it.o(i.DebugMon_Handler)
    Detect_invincibility_status              0x080009b5   Thumb Code   198  referee_cmd.o(i.Detect_invincibility_status)
    Error_Handler                            0x08000a85   Thumb Code     4  main.o(i.Error_Handler)
    Get_Base_Velocities                      0x08000a89   Thumb Code   168  kinematics.o(i.Get_Base_Velocities)
    HAL_CAN_ActivateNotification             0x08000b55   Thumb Code    36  stm32f4xx_hal_can.o(i.HAL_CAN_ActivateNotification)
    HAL_CAN_AddTxMessage                     0x08000b79   Thumb Code   200  stm32f4xx_hal_can.o(i.HAL_CAN_AddTxMessage)
    HAL_CAN_ConfigFilter                     0x08000c41   Thumb Code   262  stm32f4xx_hal_can.o(i.HAL_CAN_ConfigFilter)
    HAL_CAN_ErrorCallback                    0x08000d4d   Thumb Code     2  stm32f4xx_hal_can.o(i.HAL_CAN_ErrorCallback)
    HAL_CAN_GetRxMessage                     0x08000d4f   Thumb Code   232  stm32f4xx_hal_can.o(i.HAL_CAN_GetRxMessage)
    HAL_CAN_IRQHandler                       0x08000e37   Thumb Code   508  stm32f4xx_hal_can.o(i.HAL_CAN_IRQHandler)
    HAL_CAN_Init                             0x08001033   Thumb Code   282  stm32f4xx_hal_can.o(i.HAL_CAN_Init)
    HAL_CAN_MspInit                          0x0800114d   Thumb Code   226  can.o(i.HAL_CAN_MspInit)
    HAL_CAN_RxFifo0FullCallback              0x08001249   Thumb Code     2  stm32f4xx_hal_can.o(i.HAL_CAN_RxFifo0FullCallback)
    HAL_CAN_RxFifo0MsgPendingCallback        0x0800124d   Thumb Code   364  bsp_can.o(i.HAL_CAN_RxFifo0MsgPendingCallback)
    HAL_CAN_RxFifo1FullCallback              0x080013e5   Thumb Code     2  stm32f4xx_hal_can.o(i.HAL_CAN_RxFifo1FullCallback)
    HAL_CAN_RxFifo1MsgPendingCallback        0x080013e7   Thumb Code     2  stm32f4xx_hal_can.o(i.HAL_CAN_RxFifo1MsgPendingCallback)
    HAL_CAN_SleepCallback                    0x080013e9   Thumb Code     2  stm32f4xx_hal_can.o(i.HAL_CAN_SleepCallback)
    HAL_CAN_Start                            0x080013ed   Thumb Code    88  stm32f4xx_hal_can.o(i.HAL_CAN_Start)
    HAL_CAN_TxMailbox0AbortCallback          0x08001445   Thumb Code     2  stm32f4xx_hal_can.o(i.HAL_CAN_TxMailbox0AbortCallback)
    HAL_CAN_TxMailbox0CompleteCallback       0x08001447   Thumb Code     2  stm32f4xx_hal_can.o(i.HAL_CAN_TxMailbox0CompleteCallback)
    HAL_CAN_TxMailbox1AbortCallback          0x08001449   Thumb Code     2  stm32f4xx_hal_can.o(i.HAL_CAN_TxMailbox1AbortCallback)
    HAL_CAN_TxMailbox1CompleteCallback       0x0800144b   Thumb Code     2  stm32f4xx_hal_can.o(i.HAL_CAN_TxMailbox1CompleteCallback)
    HAL_CAN_TxMailbox2AbortCallback          0x0800144d   Thumb Code     2  stm32f4xx_hal_can.o(i.HAL_CAN_TxMailbox2AbortCallback)
    HAL_CAN_TxMailbox2CompleteCallback       0x0800144f   Thumb Code     2  stm32f4xx_hal_can.o(i.HAL_CAN_TxMailbox2CompleteCallback)
    HAL_CAN_WakeUpFromRxMsgCallback          0x08001451   Thumb Code     2  stm32f4xx_hal_can.o(i.HAL_CAN_WakeUpFromRxMsgCallback)
    HAL_DMA_IRQHandler                       0x08001455   Thumb Code   412  stm32f4xx_hal_dma.o(i.HAL_DMA_IRQHandler)
    HAL_DMA_Init                             0x080015f5   Thumb Code   206  stm32f4xx_hal_dma.o(i.HAL_DMA_Init)
    HAL_GPIO_Init                            0x080016c9   Thumb Code   450  stm32f4xx_hal_gpio.o(i.HAL_GPIO_Init)
    HAL_GetTick                              0x080018b9   Thumb Code     6  stm32f4xx_hal.o(i.HAL_GetTick)
    HAL_IncTick                              0x080018c5   Thumb Code    12  stm32f4xx_hal.o(i.HAL_IncTick)
    HAL_Init                                 0x080018d5   Thumb Code    48  stm32f4xx_hal.o(i.HAL_Init)
    HAL_InitTick                             0x08001909   Thumb Code    54  stm32f4xx_hal.o(i.HAL_InitTick)
    HAL_MspInit                              0x08001949   Thumb Code    42  stm32f4xx_hal_msp.o(i.HAL_MspInit)
    HAL_NVIC_EnableIRQ                       0x08001979   Thumb Code    26  stm32f4xx_hal_cortex.o(i.HAL_NVIC_EnableIRQ)
    HAL_NVIC_SetPriority                     0x08001995   Thumb Code    60  stm32f4xx_hal_cortex.o(i.HAL_NVIC_SetPriority)
    HAL_NVIC_SetPriorityGrouping             0x080019d5   Thumb Code    26  stm32f4xx_hal_cortex.o(i.HAL_NVIC_SetPriorityGrouping)
    HAL_RCC_ClockConfig                      0x080019f9   Thumb Code   288  stm32f4xx_hal_rcc.o(i.HAL_RCC_ClockConfig)
    HAL_RCC_GetPCLK1Freq                     0x08001b2d   Thumb Code    20  stm32f4xx_hal_rcc.o(i.HAL_RCC_GetPCLK1Freq)
    HAL_RCC_GetPCLK2Freq                     0x08001b4d   Thumb Code    20  stm32f4xx_hal_rcc.o(i.HAL_RCC_GetPCLK2Freq)
    HAL_RCC_GetSysClockFreq                  0x08001b6d   Thumb Code    88  stm32f4xx_hal_rcc.o(i.HAL_RCC_GetSysClockFreq)
    HAL_RCC_OscConfig                        0x08001bd1   Thumb Code   856  stm32f4xx_hal_rcc.o(i.HAL_RCC_OscConfig)
    HAL_SYSTICK_Config                       0x08001f3d   Thumb Code    40  stm32f4xx_hal_cortex.o(i.HAL_SYSTICK_Config)
    HAL_TIMEx_BreakCallback                  0x08001f65   Thumb Code     2  stm32f4xx_hal_tim_ex.o(i.HAL_TIMEx_BreakCallback)
    HAL_TIMEx_CommutCallback                 0x08001f67   Thumb Code     2  stm32f4xx_hal_tim_ex.o(i.HAL_TIMEx_CommutCallback)
    HAL_TIMEx_MasterConfigSynchronization    0x08001f69   Thumb Code   116  stm32f4xx_hal_tim_ex.o(i.HAL_TIMEx_MasterConfigSynchronization)
    HAL_TIM_Base_Init                        0x08001ff9   Thumb Code    90  stm32f4xx_hal_tim.o(i.HAL_TIM_Base_Init)
    HAL_TIM_Base_MspInit                     0x08002055   Thumb Code    50  tim.o(i.HAL_TIM_Base_MspInit)
    HAL_TIM_Base_Start_IT                    0x08002091   Thumb Code   100  stm32f4xx_hal_tim.o(i.HAL_TIM_Base_Start_IT)
    HAL_TIM_ConfigClockSource                0x08002111   Thumb Code   220  stm32f4xx_hal_tim.o(i.HAL_TIM_ConfigClockSource)
    HAL_TIM_IC_CaptureCallback               0x080021ed   Thumb Code     2  stm32f4xx_hal_tim.o(i.HAL_TIM_IC_CaptureCallback)
    HAL_TIM_IRQHandler                       0x080021ef   Thumb Code   358  stm32f4xx_hal_tim.o(i.HAL_TIM_IRQHandler)
    HAL_TIM_OC_DelayElapsedCallback          0x08002355   Thumb Code     2  stm32f4xx_hal_tim.o(i.HAL_TIM_OC_DelayElapsedCallback)
    HAL_TIM_PWM_PulseFinishedCallback        0x08002357   Thumb Code     2  stm32f4xx_hal_tim.o(i.HAL_TIM_PWM_PulseFinishedCallback)
    HAL_TIM_PeriodElapsedCallback            0x08002359   Thumb Code   150  chassis_task.o(i.HAL_TIM_PeriodElapsedCallback)
    HAL_TIM_TriggerCallback                  0x08002401   Thumb Code     2  stm32f4xx_hal_tim.o(i.HAL_TIM_TriggerCallback)
    HAL_UART_Init                            0x08002403   Thumb Code    98  stm32f4xx_hal_uart.o(i.HAL_UART_Init)
    HAL_UART_MspInit                         0x08002465   Thumb Code   612  usart.o(i.HAL_UART_MspInit)
    HAL_UART_Transmit                        0x080026f9   Thumb Code   178  stm32f4xx_hal_uart.o(i.HAL_UART_Transmit)
    HardFault_Handler                        0x080027ab   Thumb Code     2  stm32f4xx_it.o(i.HardFault_Handler)
    MX_CAN1_Init                             0x080027ad   Thumb Code    62  can.o(i.MX_CAN1_Init)
    MX_CAN2_Init                             0x080027f5   Thumb Code    62  can.o(i.MX_CAN2_Init)
    MX_DMA_Init                              0x0800283d   Thumb Code   120  dma.o(i.MX_DMA_Init)
    MX_GPIO_Init                             0x080028b9   Thumb Code   102  gpio.o(i.MX_GPIO_Init)
    MX_TIM3_Init                             0x08002925   Thumb Code    94  tim.o(i.MX_TIM3_Init)
    MX_USART1_UART_Init                      0x0800298d   Thumb Code    48  usart.o(i.MX_USART1_UART_Init)
    MX_USART3_UART_Init                      0x080029c5   Thumb Code    46  usart.o(i.MX_USART3_UART_Init)
    MX_USART6_UART_Init                      0x08002a01   Thumb Code    48  usart.o(i.MX_USART6_UART_Init)
    MemManage_Handler                        0x08002a39   Thumb Code     2  stm32f4xx_it.o(i.MemManage_Handler)
    NMI_Handler                              0x08002a3b   Thumb Code     2  stm32f4xx_it.o(i.NMI_Handler)
    PID_Calc                                 0x08002a3d   Thumb Code   340  pid.o(i.PID_Calc)
    PID_Init                                 0x08002b95   Thumb Code   110  pid.o(i.PID_Init)
    PendSV_Handler                           0x08002c09   Thumb Code     2  stm32f4xx_it.o(i.PendSV_Handler)
    RC_data_is_error                         0x0800312d   Thumb Code   102  remote_control.o(i.RC_data_is_error)
    Referee_Send2Radar_Tx                    0x08003399   Thumb Code    86  referee_cmd.o(i.Referee_Send2Radar_Tx)
    SVC_Handler                              0x080033f9   Thumb Code     2  stm32f4xx_it.o(i.SVC_Handler)
    SysTick_Handler                          0x080035e5   Thumb Code     4  stm32f4xx_it.o(i.SysTick_Handler)
    SystemClock_Config                       0x080035e9   Thumb Code   140  main.o(i.SystemClock_Config)
    SystemInit                               0x0800367d   Thumb Code    12  system_stm32f4xx.o(i.SystemInit)
    TIM3_IRQHandler                          0x0800368d   Thumb Code     6  stm32f4xx_it.o(i.TIM3_IRQHandler)
    TIM_Base_SetConfig                       0x08003699   Thumb Code   156  stm32f4xx_hal_tim.o(i.TIM_Base_SetConfig)
    TIM_ETR_SetConfig                        0x08003761   Thumb Code    20  stm32f4xx_hal_tim.o(i.TIM_ETR_SetConfig)
    USART3_IRQHandler                        0x08003951   Thumb Code   172  remote_control.o(i.USART3_IRQHandler)
    USART6_IRQHandler                        0x08003a15   Thumb Code   128  bsp_referee.o(i.USART6_IRQHandler)
    UsageFault_Handler                       0x08003aa5   Thumb Code     2  stm32f4xx_it.o(i.UsageFault_Handler)
    __ARM_fpclassify                         0x08003aa7   Thumb Code    48  fpclassify.o(i.__ARM_fpclassify)
    __hardfp_cos                             0x08003af9   Thumb Code   180  cos.o(i.__hardfp_cos)
    __hardfp_sin                             0x08003bc1   Thumb Code   180  sin.o(i.__hardfp_sin)
    __hardfp_sqrt                            0x08003c89   Thumb Code   122  sqrt.o(i.__hardfp_sqrt)
    __ieee754_rem_pio2                       0x08003d09   Thumb Code   938  rred.o(i.__ieee754_rem_pio2)
    __kernel_cos                             0x08004141   Thumb Code   322  cos_i.o(i.__kernel_cos)
    __kernel_poly                            0x080042b1   Thumb Code   248  poly.o(i.__kernel_poly)
    __kernel_sin                             0x080043a9   Thumb Code   280  sin_i.o(i.__kernel_sin)
    __mathlib_dbl_infnan                     0x080044d9   Thumb Code    20  dunder.o(i.__mathlib_dbl_infnan)
    __mathlib_dbl_invalid                    0x080044f1   Thumb Code    24  dunder.o(i.__mathlib_dbl_invalid)
    __mathlib_dbl_underflow                  0x08004511   Thumb Code    24  dunder.o(i.__mathlib_dbl_underflow)
    all_init                                 0x08004541   Thumb Code    32  my_init.o(i.all_init)
    append_CRC16_check_sum                   0x08004565   Thumb Code    36  crc8_crc16.o(i.append_CRC16_check_sum)
    append_CRC8_check_sum                    0x0800458d   Thumb Code    28  crc8_crc16.o(i.append_CRC8_check_sum)
    bsp_can_init                             0x080045a9   Thumb Code    86  bsp_can.o(i.bsp_can_init)
    canTX_gimbal1                            0x08004609   Thumb Code    52  bsp_can.o(i.canTX_gimbal1)
    canTX_gimbal2                            0x08004645   Thumb Code    54  bsp_can.o(i.canTX_gimbal2)
    canTX_gimbal3                            0x08004685   Thumb Code    96  bsp_can.o(i.canTX_gimbal3)
    canTX_gimbal4                            0x080046ed   Thumb Code    60  bsp_can.o(i.canTX_gimbal4)
    canTX_gimbal_y                           0x08004731   Thumb Code    68  bsp_can.o(i.canTX_gimbal_y)
    chassis_move                             0x08004851   Thumb Code    36  chassis_move.o(i.chassis_move)
    chassis_spin                             0x08004a4d   Thumb Code   304  chassis_move.o(i.chassis_spin)
    fabs                                     0x08004b9d   Thumb Code    24  fabs.o(i.fabs)
    fifo_s_get                               0x08004bb5   Thumb Code    44  fifo.o(i.fifo_s_get)
    fifo_s_init                              0x08004be1   Thumb Code    22  fifo.o(i.fifo_s_init)
    fifo_s_puts                              0x08004bf7   Thumb Code   124  fifo.o(i.fifo_s_puts)
    fifo_s_used                              0x08004c73   Thumb Code     4  fifo.o(i.fifo_s_used)
    find_max                                 0x08004c79   Thumb Code    90  kinematics.o(i.find_max)
    get_CRC16_check_sum                      0x08004ce5   Thumb Code    38  crc8_crc16.o(i.get_CRC16_check_sum)
    get_CRC8_check_sum                       0x08004d11   Thumb Code    24  crc8_crc16.o(i.get_CRC8_check_sum)
    main                                     0x08004dd5   Thumb Code    74  main.o(i.main)
    referee_data_init                        0x08004e5d   Thumb Code    62  referee.o(i.referee_data_init)
    referee_data_solve                       0x08004f35   Thumb Code   560  referee.o(i.referee_data_solve)
    referee_unpack_fifo_data                 0x08005171   Thumb Code   256  referee.o(i.referee_unpack_fifo_data)
    referee_usart_fifo_init                  0x08005279   Thumb Code    34  bsp_referee.o(i.referee_usart_fifo_init)
    remote_control_init                      0x080052a1   Thumb Code    12  remote_control.o(i.remote_control_init)
    verify_CRC16_check_sum                   0x08005349   Thumb Code    54  crc8_crc16.o(i.verify_CRC16_check_sum)
    verify_CRC8_check_sum                    0x08005385   Thumb Code    38  crc8_crc16.o(i.verify_CRC8_check_sum)
    __aeabi_dneg                             0x080053ab   Thumb Code     0  basic.o(x$fpl$basic)
    _dneg                                    0x080053ab   Thumb Code     6  basic.o(x$fpl$basic)
    __aeabi_fneg                             0x080053b1   Thumb Code     0  basic.o(x$fpl$basic)
    _fneg                                    0x080053b1   Thumb Code     6  basic.o(x$fpl$basic)
    _dabs                                    0x080053b7   Thumb Code     6  basic.o(x$fpl$basic)
    _fabs                                    0x080053bd   Thumb Code     6  basic.o(x$fpl$basic)
    __aeabi_d2f                              0x080053c5   Thumb Code     0  d2f.o(x$fpl$d2f)
    _d2f                                     0x080053c5   Thumb Code    98  d2f.o(x$fpl$d2f)
    __aeabi_dadd                             0x08005429   Thumb Code     0  daddsub_clz.o(x$fpl$dadd)
    _dadd                                    0x08005429   Thumb Code   332  daddsub_clz.o(x$fpl$dadd)
    __aeabi_ddiv                             0x08005579   Thumb Code     0  ddiv.o(x$fpl$ddiv)
    _ddiv                                    0x08005579   Thumb Code   552  ddiv.o(x$fpl$ddiv)
    __aeabi_d2iz                             0x08005829   Thumb Code     0  dfix.o(x$fpl$dfix)
    _dfix                                    0x08005829   Thumb Code    94  dfix.o(x$fpl$dfix)
    __aeabi_i2d                              0x08005887   Thumb Code     0  dflt_clz.o(x$fpl$dflt)
    _dflt                                    0x08005887   Thumb Code    46  dflt_clz.o(x$fpl$dflt)
    __aeabi_ui2d                             0x080058b5   Thumb Code     0  dflt_clz.o(x$fpl$dfltu)
    _dfltu                                   0x080058b5   Thumb Code    38  dflt_clz.o(x$fpl$dfltu)
    __aeabi_dmul                             0x080058dd   Thumb Code     0  dmul.o(x$fpl$dmul)
    _dmul                                    0x080058dd   Thumb Code   332  dmul.o(x$fpl$dmul)
    __fpl_dnaninf                            0x08005a31   Thumb Code   156  dnaninf.o(x$fpl$dnaninf)
    __fpl_dretinf                            0x08005acd   Thumb Code    12  dretinf.o(x$fpl$dretinf)
    __aeabi_drsub                            0x08005ad9   Thumb Code     0  daddsub_clz.o(x$fpl$drsb)
    _drsb                                    0x08005ad9   Thumb Code    22  daddsub_clz.o(x$fpl$drsb)
    _dsqrt                                   0x08005af1   Thumb Code   404  dsqrt_umaal.o(x$fpl$dsqrt)
    __aeabi_dsub                             0x08005c89   Thumb Code     0  daddsub_clz.o(x$fpl$dsub)
    _dsub                                    0x08005c89   Thumb Code   464  daddsub_clz.o(x$fpl$dsub)
    __aeabi_f2d                              0x08005e5d   Thumb Code     0  f2d.o(x$fpl$f2d)
    _f2d                                     0x08005e5d   Thumb Code    86  f2d.o(x$fpl$f2d)
    __fpl_fnaninf                            0x08005eb3   Thumb Code   140  fnaninf.o(x$fpl$fnaninf)
    _fp_init                                 0x08005f3f   Thumb Code    10  fpinit.o(x$fpl$fpinit)
    __fplib_config_fpu_vfp                   0x08005f47   Thumb Code     0  fpinit.o(x$fpl$fpinit)
    __fplib_config_pureend_doubles           0x08005f47   Thumb Code     0  fpinit.o(x$fpl$fpinit)
    __fpl_fretinf                            0x08005f49   Thumb Code    10  fretinf.o(x$fpl$fretinf)
    __I$use$fp                               0x08005f52   Number         0  usenofp.o(x$fpl$usenofp)
    AHBPrescTable                            0x08005f5a   Data          16  system_stm32f4xx.o(.constdata)
    APBPrescTable                            0x08005f6a   Data           8  system_stm32f4xx.o(.constdata)
    CRC8_table                               0x08005f72   Data         256  crc8_crc16.o(.constdata)
    wCRC_table                               0x08006072   Data         512  crc8_crc16.o(.constdata)
    Region$$Table$$Base                      0x08006398   Number         0  anon$$obj.o(Region$$Table)
    Region$$Table$$Limit                     0x080063b8   Number         0  anon$$obj.o(Region$$Table)
    xrun_flag                                0x20000005   Data           1  chassis_move.o(.data)
    yrun_flag                                0x20000006   Data           1  chassis_move.o(.data)
    power                                    0x20000008   Data           2  chassis_move.o(.data)
    max_power                                0x2000000a   Data           2  chassis_move.o(.data)
    buffer                                   0x2000000c   Data           2  chassis_move.o(.data)
    theta                                    0x20000078   Data           4  chassis_move.o(.data)
    vx                                       0x2000008c   Data           4  chassis_move.o(.data)
    vy                                       0x20000090   Data           4  chassis_move.o(.data)
    wz                                       0x20000094   Data           4  chassis_move.o(.data)
    c_center_apid                            0x200000a0   Data          28  chassis_move.o(.data)
    c_center_vpid                            0x200000bc   Data          28  chassis_move.o(.data)
    c_motor1_vpid                            0x200000d8   Data          28  chassis_move.o(.data)
    c_motor2_vpid                            0x200000f4   Data          28  chassis_move.o(.data)
    c_motor3_vpid                            0x20000110   Data          28  chassis_move.o(.data)
    c_motor4_vpid                            0x2000012c   Data          28  chassis_move.o(.data)
    power_pid                                0x20000148   Data          28  chassis_move.o(.data)
    buffer_pid                               0x20000164   Data          28  chassis_move.o(.data)
    PID_x                                    0x20000180   Data          28  chassis_move.o(.data)
    PID_y                                    0x2000019c   Data          28  chassis_move.o(.data)
    PID_z                                    0x200001b8   Data          28  chassis_move.o(.data)
    rc_ctrl                                  0x200001da   Data          22  remote_control.o(.data)
    custom_client_data                       0x200001fa   Data           8  referee.o(.data)
    supercap_volt                            0x20000202   Data           2  supercap.o(.data)
    YAW_SPEED                                0x20000210   Data           4  bsp_can.o(.data)
    uwTickFreq                               0x20000230   Data           1  stm32f4xx_hal.o(.data)
    uwTickPrio                               0x20000234   Data           4  stm32f4xx_hal.o(.data)
    uwTick                                   0x20000238   Data           4  stm32f4xx_hal.o(.data)
    SystemCoreClock                          0x2000023c   Data           4  system_stm32f4xx.o(.data)
    CRC16_INIT                               0x20000240   Data           2  crc8_crc16.o(.data)
    hcan1                                    0x20000244   Data          40  can.o(.bss)
    hcan2                                    0x2000026c   Data          40  can.o(.bss)
    htim3                                    0x20000294   Data          72  tim.o(.bss)
    huart1                                   0x200002dc   Data          68  usart.o(.bss)
    huart3                                   0x20000320   Data          68  usart.o(.bss)
    huart6                                   0x20000364   Data          68  usart.o(.bss)
    hdma_usart1_rx                           0x200003a8   Data          96  usart.o(.bss)
    hdma_usart1_tx                           0x20000408   Data          96  usart.o(.bss)
    hdma_usart3_rx                           0x20000468   Data          96  usart.o(.bss)
    hdma_usart6_rx                           0x200004c8   Data          96  usart.o(.bss)
    hdma_usart6_tx                           0x20000528   Data          96  usart.o(.bss)
    p_pid                                    0x20000588   Data          84  pid.o(.bss)
    b_pid                                    0x200005dc   Data          84  pid.o(.bss)
    chassis_motor1                           0x20000630   Data         236  pid.o(.bss)
    chassis_motor2                           0x2000071c   Data         236  pid.o(.bss)
    chassis_motor3                           0x20000808   Data         236  pid.o(.bss)
    chassis_motor4                           0x200008f4   Data         236  pid.o(.bss)
    chassis_center                           0x200009e0   Data         236  pid.o(.bss)
    Chassis_speed_x                          0x20000acc   Data          84  pid.o(.bss)
    Chassis_speed_y                          0x20000b20   Data          84  pid.o(.bss)
    Chassis_speed_z                          0x20000b74   Data          84  pid.o(.bss)
    Kinematics                               0x20000bc8   Data          88  kinematics.o(.bss)
    chassis_control_order                    0x20000c20   Data          24  chassis_move.o(.bss)
    referee_conventional                     0x20000c80   Data         223  referee.o(.bss)
    map_interaction                          0x20000d5f   Data         160  referee.o(.bss)
    image_transmission                       0x20000dff   Data          42  referee.o(.bss)
    usart6_buf                               0x20000ee8   Data         256  bsp_referee.o(.bss)
    referee_fifo                             0x20000fe8   Data          24  bsp_referee.o(.bss)
    referee_fifo_buf                         0x20001000   Data        1024  bsp_referee.o(.bss)
    __libspace_start                         0x20001400   Data          96  libspace.o(.bss)
    __temporary_stack_top$libspace           0x20001460   Data           0  libspace.o(.bss)



==============================================================================

Memory Map of the image

  Image Entry point : 0x08000189

  Load Region LR_IROM1 (Base: 0x08000000, Size: 0x000065fc, Max: 0x00100000, ABSOLUTE, COMPRESSED[0x00006438])

    Execution Region ER_IROM1 (Base: 0x08000000, Size: 0x000063b8, Max: 0x00100000, ABSOLUTE)

    Base Addr    Size         Type   Attr      Idx    E Section Name        Object

    0x08000000   0x00000188   Data   RO            3    RESET               startup_stm32f407xx.o
    0x08000188   0x00000008   Code   RO         4519  * !!!main             c_w.l(__main.o)
    0x08000190   0x00000034   Code   RO         4866    !!!scatter          c_w.l(__scatter.o)
    0x080001c4   0x0000005a   Code   RO         4864    !!dczerorl2         c_w.l(__dczerorl2.o)
    0x0800021e   0x00000002   PAD
    0x08000220   0x0000001c   Code   RO         4868    !!handler_zi        c_w.l(__scatter_zi.o)
    0x0800023c   0x00000002   Code   RO         4803    .ARM.Collect$$libinit$$00000000  c_w.l(libinit.o)
    0x0800023e   0x00000004   Code   RO         4627    .ARM.Collect$$libinit$$00000001  c_w.l(libinit2.o)
    0x08000242   0x00000000   Code   RO         4630    .ARM.Collect$$libinit$$00000004  c_w.l(libinit2.o)
    0x08000242   0x00000000   Code   RO         4633    .ARM.Collect$$libinit$$0000000A  c_w.l(libinit2.o)
    0x08000242   0x00000000   Code   RO         4635    .ARM.Collect$$libinit$$0000000C  c_w.l(libinit2.o)
    0x08000242   0x00000000   Code   RO         4637    .ARM.Collect$$libinit$$0000000E  c_w.l(libinit2.o)
    0x08000242   0x00000000   Code   RO         4640    .ARM.Collect$$libinit$$00000011  c_w.l(libinit2.o)
    0x08000242   0x00000000   Code   RO         4642    .ARM.Collect$$libinit$$00000013  c_w.l(libinit2.o)
    0x08000242   0x00000000   Code   RO         4644    .ARM.Collect$$libinit$$00000015  c_w.l(libinit2.o)
    0x08000242   0x00000000   Code   RO         4646    .ARM.Collect$$libinit$$00000017  c_w.l(libinit2.o)
    0x08000242   0x00000000   Code   RO         4648    .ARM.Collect$$libinit$$00000019  c_w.l(libinit2.o)
    0x08000242   0x00000000   Code   RO         4650    .ARM.Collect$$libinit$$0000001B  c_w.l(libinit2.o)
    0x08000242   0x00000000   Code   RO         4652    .ARM.Collect$$libinit$$0000001D  c_w.l(libinit2.o)
    0x08000242   0x00000000   Code   RO         4654    .ARM.Collect$$libinit$$0000001F  c_w.l(libinit2.o)
    0x08000242   0x00000000   Code   RO         4656    .ARM.Collect$$libinit$$00000021  c_w.l(libinit2.o)
    0x08000242   0x00000000   Code   RO         4658    .ARM.Collect$$libinit$$00000023  c_w.l(libinit2.o)
    0x08000242   0x00000000   Code   RO         4660    .ARM.Collect$$libinit$$00000025  c_w.l(libinit2.o)
    0x08000242   0x00000000   Code   RO         4664    .ARM.Collect$$libinit$$0000002C  c_w.l(libinit2.o)
    0x08000242   0x00000000   Code   RO         4666    .ARM.Collect$$libinit$$0000002E  c_w.l(libinit2.o)
    0x08000242   0x00000000   Code   RO         4668    .ARM.Collect$$libinit$$00000030  c_w.l(libinit2.o)
    0x08000242   0x00000000   Code   RO         4670    .ARM.Collect$$libinit$$00000032  c_w.l(libinit2.o)
    0x08000242   0x00000002   Code   RO         4671    .ARM.Collect$$libinit$$00000033  c_w.l(libinit2.o)
    0x08000244   0x00000002   Code   RO         4861    .ARM.Collect$$libshutdown$$00000000  c_w.l(libshutdown.o)
    0x08000246   0x00000000   Code   RO         4819    .ARM.Collect$$libshutdown$$00000002  c_w.l(libshutdown2.o)
    0x08000246   0x00000000   Code   RO         4821    .ARM.Collect$$libshutdown$$00000004  c_w.l(libshutdown2.o)
    0x08000246   0x00000000   Code   RO         4824    .ARM.Collect$$libshutdown$$00000007  c_w.l(libshutdown2.o)
    0x08000246   0x00000000   Code   RO         4827    .ARM.Collect$$libshutdown$$0000000A  c_w.l(libshutdown2.o)
    0x08000246   0x00000000   Code   RO         4829    .ARM.Collect$$libshutdown$$0000000C  c_w.l(libshutdown2.o)
    0x08000246   0x00000000   Code   RO         4832    .ARM.Collect$$libshutdown$$0000000F  c_w.l(libshutdown2.o)
    0x08000246   0x00000002   Code   RO         4833    .ARM.Collect$$libshutdown$$00000010  c_w.l(libshutdown2.o)
    0x08000248   0x00000000   Code   RO         4587    .ARM.Collect$$rtentry$$00000000  c_w.l(__rtentry.o)
    0x08000248   0x00000000   Code   RO         4721    .ARM.Collect$$rtentry$$00000002  c_w.l(__rtentry2.o)
    0x08000248   0x00000006   Code   RO         4733    .ARM.Collect$$rtentry$$00000004  c_w.l(__rtentry4.o)
    0x0800024e   0x00000000   Code   RO         4723    .ARM.Collect$$rtentry$$00000009  c_w.l(__rtentry2.o)
    0x0800024e   0x00000004   Code   RO         4724    .ARM.Collect$$rtentry$$0000000A  c_w.l(__rtentry2.o)
    0x08000252   0x00000000   Code   RO         4726    .ARM.Collect$$rtentry$$0000000C  c_w.l(__rtentry2.o)
    0x08000252   0x00000008   Code   RO         4727    .ARM.Collect$$rtentry$$0000000D  c_w.l(__rtentry2.o)
    0x0800025a   0x00000002   Code   RO         4806    .ARM.Collect$$rtexit$$00000000  c_w.l(rtexit.o)
    0x0800025c   0x00000000   Code   RO         4837    .ARM.Collect$$rtexit$$00000002  c_w.l(rtexit2.o)
    0x0800025c   0x00000004   Code   RO         4838    .ARM.Collect$$rtexit$$00000003  c_w.l(rtexit2.o)
    0x08000260   0x00000006   Code   RO         4839    .ARM.Collect$$rtexit$$00000004  c_w.l(rtexit2.o)
    0x08000266   0x00000002   PAD
    0x08000268   0x00000040   Code   RO            4    .text               startup_stm32f407xx.o
    0x080002a8   0x000000ee   Code   RO         4503    .text               c_w.l(lludivv7m.o)
    0x08000396   0x0000008a   Code   RO         4511    .text               c_w.l(rt_memcpy_v6.o)
    0x08000420   0x00000044   Code   RO         4513    .text               c_w.l(rt_memclr.o)
    0x08000464   0x0000004e   Code   RO         4515    .text               c_w.l(rt_memclr_w.o)
    0x080004b2   0x00000006   Code   RO         4517    .text               c_w.l(heapauxi.o)
    0x080004b8   0x00000016   Code   RO         4617    .text               c_w.l(_rserrno.o)
    0x080004ce   0x00000064   Code   RO         4623    .text               c_w.l(rt_memcpy_w.o)
    0x08000532   0x00000002   PAD
    0x08000534   0x00000008   Code   RO         4717    .text               c_w.l(libspace.o)
    0x0800053c   0x00000008   Code   RO         4740    .text               c_w.l(rt_errno_addr_intlibspace.o)
    0x08000544   0x00000002   Code   RO         4775    .text               c_w.l(use_no_semi.o)
    0x08000546   0x00000000   Code   RO         4777    .text               c_w.l(indicate_semi.o)
    0x08000546   0x0000004a   Code   RO         4778    .text               c_w.l(sys_stackheap_outer.o)
    0x08000590   0x00000012   Code   RO         4784    .text               c_w.l(exit.o)
    0x080005a2   0x00000002   PAD
    0x080005a4   0x0000000c   Code   RO         4804    .text               c_w.l(sys_exit.o)
    0x080005b0   0x00000140   Code   RO          644    i.BaseVel_To_WheelVel  kinematics.o
    0x080006f0   0x00000002   Code   RO          446    i.BusFault_Handler  stm32f4xx_it.o
    0x080006f2   0x00000002   PAD
    0x080006f4   0x0000000c   Code   RO          447    i.CAN1_RX0_IRQHandler  stm32f4xx_it.o
    0x08000700   0x0000000c   Code   RO          448    i.CAN2_RX0_IRQHandler  stm32f4xx_it.o
    0x0800070c   0x0000009c   Code   RO         1208    i.Can_Data_Solve    bsp_can.o
    0x080007a8   0x00000040   Code   RO         1209    i.Can_Tx_Message    bsp_can.o
    0x080007e8   0x000000a4   Code   RO          686    i.Chassis_PID_Init  chassis_move.o
    0x0800088c   0x0000006c   Code   RO          687    i.Chassis_Pid_Calc  chassis_move.o
    0x080008f8   0x0000000c   Code   RO          449    i.DMA1_Stream1_IRQHandler  stm32f4xx_it.o
    0x08000904   0x0000000c   Code   RO          450    i.DMA2_Stream1_IRQHandler  stm32f4xx_it.o
    0x08000910   0x0000000c   Code   RO          451    i.DMA2_Stream2_IRQHandler  stm32f4xx_it.o
    0x0800091c   0x0000000c   Code   RO          452    i.DMA2_Stream6_IRQHandler  stm32f4xx_it.o
    0x08000928   0x0000000c   Code   RO          453    i.DMA2_Stream7_IRQHandler  stm32f4xx_it.o
    0x08000934   0x00000028   Code   RO         2124    i.DMA_CalcBaseAndBitshift  stm32f4xx_hal_dma.o
    0x0800095c   0x00000054   Code   RO         2125    i.DMA_CheckFifoParam  stm32f4xx_hal_dma.o
    0x080009b0   0x00000002   Code   RO          454    i.DebugMon_Handler  stm32f4xx_it.o
    0x080009b2   0x00000002   PAD
    0x080009b4   0x000000d0   Code   RO         1159    i.Detect_invincibility_status  referee_cmd.o
    0x08000a84   0x00000004   Code   RO          231    i.Error_Handler     main.o
    0x08000a88   0x000000cc   Code   RO          645    i.Get_Base_Velocities  kinematics.o
    0x08000b54   0x00000024   Code   RO         1342    i.HAL_CAN_ActivateNotification  stm32f4xx_hal_can.o
    0x08000b78   0x000000c8   Code   RO         1343    i.HAL_CAN_AddTxMessage  stm32f4xx_hal_can.o
    0x08000c40   0x0000010c   Code   RO         1344    i.HAL_CAN_ConfigFilter  stm32f4xx_hal_can.o
    0x08000d4c   0x00000002   Code   RO         1347    i.HAL_CAN_ErrorCallback  stm32f4xx_hal_can.o
    0x08000d4e   0x000000e8   Code   RO         1350    i.HAL_CAN_GetRxMessage  stm32f4xx_hal_can.o
    0x08000e36   0x000001fc   Code   RO         1354    i.HAL_CAN_IRQHandler  stm32f4xx_hal_can.o
    0x08001032   0x0000011a   Code   RO         1355    i.HAL_CAN_Init      stm32f4xx_hal_can.o
    0x0800114c   0x000000fc   Code   RO          302    i.HAL_CAN_MspInit   can.o
    0x08001248   0x00000002   Code   RO         1362    i.HAL_CAN_RxFifo0FullCallback  stm32f4xx_hal_can.o
    0x0800124a   0x00000002   PAD
    0x0800124c   0x00000198   Code   RO         1210    i.HAL_CAN_RxFifo0MsgPendingCallback  bsp_can.o
    0x080013e4   0x00000002   Code   RO         1364    i.HAL_CAN_RxFifo1FullCallback  stm32f4xx_hal_can.o
    0x080013e6   0x00000002   Code   RO         1365    i.HAL_CAN_RxFifo1MsgPendingCallback  stm32f4xx_hal_can.o
    0x080013e8   0x00000002   Code   RO         1366    i.HAL_CAN_SleepCallback  stm32f4xx_hal_can.o
    0x080013ea   0x00000002   PAD
    0x080013ec   0x00000058   Code   RO         1367    i.HAL_CAN_Start     stm32f4xx_hal_can.o
    0x08001444   0x00000002   Code   RO         1369    i.HAL_CAN_TxMailbox0AbortCallback  stm32f4xx_hal_can.o
    0x08001446   0x00000002   Code   RO         1370    i.HAL_CAN_TxMailbox0CompleteCallback  stm32f4xx_hal_can.o
    0x08001448   0x00000002   Code   RO         1371    i.HAL_CAN_TxMailbox1AbortCallback  stm32f4xx_hal_can.o
    0x0800144a   0x00000002   Code   RO         1372    i.HAL_CAN_TxMailbox1CompleteCallback  stm32f4xx_hal_can.o
    0x0800144c   0x00000002   Code   RO         1373    i.HAL_CAN_TxMailbox2AbortCallback  stm32f4xx_hal_can.o
    0x0800144e   0x00000002   Code   RO         1374    i.HAL_CAN_TxMailbox2CompleteCallback  stm32f4xx_hal_can.o
    0x08001450   0x00000002   Code   RO         1376    i.HAL_CAN_WakeUpFromRxMsgCallback  stm32f4xx_hal_can.o
    0x08001452   0x00000002   PAD
    0x08001454   0x000001a0   Code   RO         2132    i.HAL_DMA_IRQHandler  stm32f4xx_hal_dma.o
    0x080015f4   0x000000d4   Code   RO         2133    i.HAL_DMA_Init      stm32f4xx_hal_dma.o
    0x080016c8   0x000001f0   Code   RO         2020    i.HAL_GPIO_Init     stm32f4xx_hal_gpio.o
    0x080018b8   0x0000000c   Code   RO         2552    i.HAL_GetTick       stm32f4xx_hal.o
    0x080018c4   0x00000010   Code   RO         2558    i.HAL_IncTick       stm32f4xx_hal.o
    0x080018d4   0x00000034   Code   RO         2559    i.HAL_Init          stm32f4xx_hal.o
    0x08001908   0x00000040   Code   RO         2560    i.HAL_InitTick      stm32f4xx_hal.o
    0x08001948   0x00000030   Code   RO          569    i.HAL_MspInit       stm32f4xx_hal_msp.o
    0x08001978   0x0000001a   Code   RO         2409    i.HAL_NVIC_EnableIRQ  stm32f4xx_hal_cortex.o
    0x08001992   0x00000002   PAD
    0x08001994   0x00000040   Code   RO         2415    i.HAL_NVIC_SetPriority  stm32f4xx_hal_cortex.o
    0x080019d4   0x00000024   Code   RO         2416    i.HAL_NVIC_SetPriorityGrouping  stm32f4xx_hal_cortex.o
    0x080019f8   0x00000134   Code   RO         1666    i.HAL_RCC_ClockConfig  stm32f4xx_hal_rcc.o
    0x08001b2c   0x00000020   Code   RO         1673    i.HAL_RCC_GetPCLK1Freq  stm32f4xx_hal_rcc.o
    0x08001b4c   0x00000020   Code   RO         1674    i.HAL_RCC_GetPCLK2Freq  stm32f4xx_hal_rcc.o
    0x08001b6c   0x00000064   Code   RO         1675    i.HAL_RCC_GetSysClockFreq  stm32f4xx_hal_rcc.o
    0x08001bd0   0x0000036c   Code   RO         1678    i.HAL_RCC_OscConfig  stm32f4xx_hal_rcc.o
    0x08001f3c   0x00000028   Code   RO         2420    i.HAL_SYSTICK_Config  stm32f4xx_hal_cortex.o
    0x08001f64   0x00000002   Code   RO         3503    i.HAL_TIMEx_BreakCallback  stm32f4xx_hal_tim_ex.o
    0x08001f66   0x00000002   Code   RO         3504    i.HAL_TIMEx_CommutCallback  stm32f4xx_hal_tim_ex.o
    0x08001f68   0x00000090   Code   RO         3522    i.HAL_TIMEx_MasterConfigSynchronization  stm32f4xx_hal_tim_ex.o
    0x08001ff8   0x0000005a   Code   RO         2799    i.HAL_TIM_Base_Init  stm32f4xx_hal_tim.o
    0x08002052   0x00000002   PAD
    0x08002054   0x0000003c   Code   RO          351    i.HAL_TIM_Base_MspInit  tim.o
    0x08002090   0x00000080   Code   RO         2804    i.HAL_TIM_Base_Start_IT  stm32f4xx_hal_tim.o
    0x08002110   0x000000dc   Code   RO         2808    i.HAL_TIM_ConfigClockSource  stm32f4xx_hal_tim.o
    0x080021ec   0x00000002   Code   RO         2833    i.HAL_TIM_IC_CaptureCallback  stm32f4xx_hal_tim.o
    0x080021ee   0x00000166   Code   RO         2847    i.HAL_TIM_IRQHandler  stm32f4xx_hal_tim.o
    0x08002354   0x00000002   Code   RO         2850    i.HAL_TIM_OC_DelayElapsedCallback  stm32f4xx_hal_tim.o
    0x08002356   0x00000002   Code   RO         2877    i.HAL_TIM_PWM_PulseFinishedCallback  stm32f4xx_hal_tim.o
    0x08002358   0x000000a8   Code   RO          807    i.HAL_TIM_PeriodElapsedCallback  chassis_task.o
    0x08002400   0x00000002   Code   RO         2890    i.HAL_TIM_TriggerCallback  stm32f4xx_hal_tim.o
    0x08002402   0x00000062   Code   RO         3799    i.HAL_UART_Init     stm32f4xx_hal_uart.o
    0x08002464   0x00000294   Code   RO          393    i.HAL_UART_MspInit  usart.o
    0x080026f8   0x000000b2   Code   RO         3807    i.HAL_UART_Transmit  stm32f4xx_hal_uart.o
    0x080027aa   0x00000002   Code   RO          455    i.HardFault_Handler  stm32f4xx_it.o
    0x080027ac   0x00000048   Code   RO          303    i.MX_CAN1_Init      can.o
    0x080027f4   0x00000048   Code   RO          304    i.MX_CAN2_Init      can.o
    0x0800283c   0x0000007c   Code   RO           13    i.MX_DMA_Init       dma.o
    0x080028b8   0x0000006c   Code   RO          277    i.MX_GPIO_Init      gpio.o
    0x08002924   0x00000068   Code   RO          352    i.MX_TIM3_Init      tim.o
    0x0800298c   0x00000038   Code   RO          394    i.MX_USART1_UART_Init  usart.o
    0x080029c4   0x0000003c   Code   RO          395    i.MX_USART3_UART_Init  usart.o
    0x08002a00   0x00000038   Code   RO          396    i.MX_USART6_UART_Init  usart.o
    0x08002a38   0x00000002   Code   RO          456    i.MemManage_Handler  stm32f4xx_it.o
    0x08002a3a   0x00000002   Code   RO          457    i.NMI_Handler       stm32f4xx_it.o
    0x08002a3c   0x00000158   Code   RO          593    i.PID_Calc          pid.o
    0x08002b94   0x00000074   Code   RO          594    i.PID_Init          pid.o
    0x08002c08   0x00000002   Code   RO          458    i.PendSV_Handler    stm32f4xx_it.o
    0x08002c0a   0x00000002   PAD
    0x08002c0c   0x00000514   Code   RO          688    i.Power_limit       chassis_move.o
    0x08003120   0x0000000a   Code   RO          869    i.RC_abs            remote_control.o
    0x0800312a   0x00000002   PAD
    0x0800312c   0x0000006c   Code   RO          870    i.RC_data_is_error  remote_control.o
    0x08003198   0x00000060   Code   RO          871    i.RC_init           remote_control.o
    0x080031f8   0x00000080   Code   RO          872    i.RC_restart        remote_control.o
    0x08003278   0x000000c0   Code   RO         1293    i.REFEREE_init      bsp_referee.o
    0x08003338   0x00000060   Code   RO         1160    i.Radar_Cmd_F       referee_cmd.o
    0x08003398   0x00000060   Code   RO         1161    i.Referee_Send2Radar_Tx  referee_cmd.o
    0x080033f8   0x00000002   Code   RO          459    i.SVC_Handler       stm32f4xx_it.o
    0x080033fa   0x00000002   PAD
    0x080033fc   0x00000094   Code   RO          689    i.Shot_Spin_Judge   chassis_move.o
    0x08003490   0x00000154   Code   RO          690    i.Speed_optimize    chassis_move.o
    0x080035e4   0x00000004   Code   RO          460    i.SysTick_Handler   stm32f4xx_it.o
    0x080035e8   0x00000094   Code   RO          232    i.SystemClock_Config  main.o
    0x0800367c   0x00000010   Code   RO         4128    i.SystemInit        system_stm32f4xx.o
    0x0800368c   0x0000000c   Code   RO          461    i.TIM3_IRQHandler   stm32f4xx_it.o
    0x08003698   0x000000c8   Code   RO         2892    i.TIM_Base_SetConfig  stm32f4xx_hal_tim.o
    0x08003760   0x00000014   Code   RO         2903    i.TIM_ETR_SetConfig  stm32f4xx_hal_tim.o
    0x08003774   0x00000010   Code   RO         2904    i.TIM_ITRx_SetConfig  stm32f4xx_hal_tim.o
    0x08003784   0x00000022   Code   RO         2910    i.TIM_TI1_ConfigInputStage  stm32f4xx_hal_tim.o
    0x080037a6   0x00000024   Code   RO         2912    i.TIM_TI2_ConfigInputStage  stm32f4xx_hal_tim.o
    0x080037ca   0x00000002   PAD
    0x080037cc   0x0000010c   Code   RO         3825    i.UART_SetConfig    stm32f4xx_hal_uart.o
    0x080038d8   0x00000078   Code   RO         3828    i.UART_WaitOnFlagUntilTimeout  stm32f4xx_hal_uart.o
    0x08003950   0x000000c4   Code   RO          873    i.USART3_IRQHandler  remote_control.o
    0x08003a14   0x00000090   Code   RO         1295    i.USART6_IRQHandler  bsp_referee.o
    0x08003aa4   0x00000002   Code   RO          462    i.UsageFault_Handler  stm32f4xx_it.o
    0x08003aa6   0x00000030   Code   RO         4771    i.__ARM_fpclassify  m_wm.l(fpclassify.o)
    0x08003ad6   0x00000020   Code   RO         2422    i.__NVIC_SetPriority  stm32f4xx_hal_cortex.o
    0x08003af6   0x00000002   PAD
    0x08003af8   0x000000c8   Code   RO         4549    i.__hardfp_cos      m_wm.l(cos.o)
    0x08003bc0   0x000000c8   Code   RO         4561    i.__hardfp_sin      m_wm.l(sin.o)
    0x08003c88   0x0000007a   Code   RO         4573    i.__hardfp_sqrt     m_wm.l(sqrt.o)
    0x08003d02   0x00000006   PAD
    0x08003d08   0x00000438   Code   RO         4704    i.__ieee754_rem_pio2  m_wm.l(rred.o)
    0x08004140   0x00000170   Code   RO         4687    i.__kernel_cos      m_wm.l(cos_i.o)
    0x080042b0   0x000000f8   Code   RO         4773    i.__kernel_poly     m_wm.l(poly.o)
    0x080043a8   0x00000130   Code   RO         4709    i.__kernel_sin      m_wm.l(sin_i.o)
    0x080044d8   0x00000014   Code   RO         4691    i.__mathlib_dbl_infnan  m_wm.l(dunder.o)
    0x080044ec   0x00000004   PAD
    0x080044f0   0x00000020   Code   RO         4693    i.__mathlib_dbl_invalid  m_wm.l(dunder.o)
    0x08004510   0x00000020   Code   RO         4696    i.__mathlib_dbl_underflow  m_wm.l(dunder.o)
    0x08004530   0x00000010   Code   RO          691    i.abs_f             chassis_move.o
    0x08004540   0x00000024   Code   RO          207    i.all_init          my_init.o
    0x08004564   0x00000028   Code   RO         4381    i.append_CRC16_check_sum  crc8_crc16.o
    0x0800458c   0x0000001c   Code   RO         4382    i.append_CRC8_check_sum  crc8_crc16.o
    0x080045a8   0x00000060   Code   RO         1211    i.bsp_can_init      bsp_can.o
    0x08004608   0x0000003c   Code   RO         1212    i.canTX_gimbal1     bsp_can.o
    0x08004644   0x00000040   Code   RO         1213    i.canTX_gimbal2     bsp_can.o
    0x08004684   0x00000068   Code   RO         1214    i.canTX_gimbal3     bsp_can.o
    0x080046ec   0x00000044   Code   RO         1215    i.canTX_gimbal4     bsp_can.o
    0x08004730   0x00000048   Code   RO         1216    i.canTX_gimbal_y    bsp_can.o
    0x08004778   0x00000064   Code   RO          692    i.can_send_chassis_current  chassis_move.o
    0x080047dc   0x00000074   Code   RO          694    i.chassis_follow    chassis_move.o
    0x08004850   0x00000028   Code   RO          695    i.chassis_move      chassis_move.o
    0x08004878   0x000000e8   Code   RO          696    i.chassis_move_mode  chassis_move.o
    0x08004960   0x000000ec   Code   RO          697    i.chassis_speed_control  chassis_move.o
    0x08004a4c   0x00000150   Code   RO          698    i.chassis_spin      chassis_move.o
    0x08004b9c   0x00000018   Code   RO         4767    i.fabs              m_wm.l(fabs.o)
    0x08004bb4   0x0000002c   Code   RO         4182    i.fifo_s_get        fifo.o
    0x08004be0   0x00000016   Code   RO         4185    i.fifo_s_init       fifo.o
    0x08004bf6   0x0000007c   Code   RO         4191    i.fifo_s_puts       fifo.o
    0x08004c72   0x00000004   Code   RO         4193    i.fifo_s_used       fifo.o
    0x08004c76   0x00000002   PAD
    0x08004c78   0x0000006c   Code   RO          646    i.find_max          kinematics.o
    0x08004ce4   0x0000002c   Code   RO         4383    i.get_CRC16_check_sum  crc8_crc16.o
    0x08004d10   0x0000001c   Code   RO         4384    i.get_CRC8_check_sum  crc8_crc16.o
    0x08004d2c   0x000000a8   Code   RO         1217    i.get_motor_data    bsp_can.o
    0x08004dd4   0x00000064   Code   RO          233    i.main              main.o
    0x08004e38   0x00000024   Code   RO         1218    i.read_motor_data   bsp_can.o
    0x08004e5c   0x0000004c   Code   RO          953    i.referee_data_init  referee.o
    0x08004ea8   0x0000008c   Code   RO         1163    i.referee_data_pack_handle  referee_cmd.o
    0x08004f34   0x0000023c   Code   RO          954    i.referee_data_solve  referee.o
    0x08005170   0x00000108   Code   RO          955    i.referee_unpack_fifo_data  referee.o
    0x08005278   0x00000028   Code   RO         1296    i.referee_usart_fifo_init  bsp_referee.o
    0x080052a0   0x00000010   Code   RO          877    i.remote_control_init  remote_control.o
    0x080052b0   0x00000096   Code   RO          878    i.sbus_to_rc        remote_control.o
    0x08005346   0x00000002   PAD
    0x08005348   0x0000003c   Code   RO         4385    i.verify_CRC16_check_sum  crc8_crc16.o
    0x08005384   0x00000026   Code   RO         4386    i.verify_CRC8_check_sum  crc8_crc16.o
    0x080053aa   0x00000018   Code   RO         4672    x$fpl$basic         fz_wm.l(basic.o)
    0x080053c2   0x00000002   PAD
    0x080053c4   0x00000062   Code   RO         4521    x$fpl$d2f           fz_wm.l(d2f.o)
    0x08005426   0x00000002   PAD
    0x08005428   0x00000150   Code   RO         4523    x$fpl$dadd          fz_wm.l(daddsub_clz.o)
    0x08005578   0x000002b0   Code   RO         4530    x$fpl$ddiv          fz_wm.l(ddiv.o)
    0x08005828   0x0000005e   Code   RO         4533    x$fpl$dfix          fz_wm.l(dfix.o)
    0x08005886   0x0000002e   Code   RO         4538    x$fpl$dflt          fz_wm.l(dflt_clz.o)
    0x080058b4   0x00000026   Code   RO         4537    x$fpl$dfltu         fz_wm.l(dflt_clz.o)
    0x080058da   0x00000002   PAD
    0x080058dc   0x00000154   Code   RO         4543    x$fpl$dmul          fz_wm.l(dmul.o)
    0x08005a30   0x0000009c   Code   RO         4676    x$fpl$dnaninf       fz_wm.l(dnaninf.o)
    0x08005acc   0x0000000c   Code   RO         4678    x$fpl$dretinf       fz_wm.l(dretinf.o)
    0x08005ad8   0x00000016   Code   RO         4524    x$fpl$drsb          fz_wm.l(daddsub_clz.o)
    0x08005aee   0x00000002   PAD
    0x08005af0   0x00000198   Code   RO         4680    x$fpl$dsqrt         fz_wm.l(dsqrt_umaal.o)
    0x08005c88   0x000001d4   Code   RO         4525    x$fpl$dsub          fz_wm.l(daddsub_clz.o)
    0x08005e5c   0x00000056   Code   RO         4547    x$fpl$f2d           fz_wm.l(f2d.o)
    0x08005eb2   0x0000008c   Code   RO         4682    x$fpl$fnaninf       fz_wm.l(fnaninf.o)
    0x08005f3e   0x0000000a   Code   RO         4763    x$fpl$fpinit        fz_wm.l(fpinit.o)
    0x08005f48   0x0000000a   Code   RO         4684    x$fpl$fretinf       fz_wm.l(fretinf.o)
    0x08005f52   0x00000000   Code   RO         4686    x$fpl$usenofp       fz_wm.l(usenofp.o)
    0x08005f52   0x00000008   Data   RO         2139    .constdata          stm32f4xx_hal_dma.o
    0x08005f5a   0x00000010   Data   RO         4129    .constdata          system_stm32f4xx.o
    0x08005f6a   0x00000008   Data   RO         4130    .constdata          system_stm32f4xx.o
    0x08005f72   0x00000300   Data   RO         4388    .constdata          crc8_crc16.o
    0x08006272   0x00000006   PAD
    0x08006278   0x00000030   Data   RO         4688    .constdata          m_wm.l(cos_i.o)
    0x080062a8   0x000000c8   Data   RO         4706    .constdata          m_wm.l(rred.o)
    0x08006370   0x00000028   Data   RO         4710    .constdata          m_wm.l(sin_i.o)
    0x08006398   0x00000020   Data   RO         4862    Region$$Table       anon$$obj.o


    Execution Region RW_IRAM1 (Base: 0x20000000, Size: 0x00001a60, Max: 0x00020000, ABSOLUTE, COMPRESSED[0x00000080])

    Base Addr    Size         Type   Attr      Idx    E Section Name        Object

    0x20000000   0x00000004   Data   RW          306    .data               can.o
    0x20000004   0x000001d0   Data   RW          702    .data               chassis_move.o
    0x200001d4   0x00000004   Data   RW          808    .data               chassis_task.o
    0x200001d8   0x00000018   Data   RW          880    .data               remote_control.o
    0x200001f0   0x00000012   Data   RW          957    .data               referee.o
    0x20000202   0x00000002   Data   RW         1026    .data               supercap.o
    0x20000204   0x00000009   Data   RW         1165    .data               referee_cmd.o
    0x2000020d   0x00000003   PAD
    0x20000210   0x0000001c   Data   RW         1219    .data               bsp_can.o
    0x2000022c   0x00000002   Data   RW         1298    .data               bsp_referee.o
    0x2000022e   0x00000002   PAD
    0x20000230   0x0000000c   Data   RW         2566    .data               stm32f4xx_hal.o
    0x2000023c   0x00000004   Data   RW         4131    .data               system_stm32f4xx.o
    0x20000240   0x00000002   Data   RW         4389    .data               crc8_crc16.o
    0x20000242   0x00000002   PAD
    0x20000244   0x00000050   Zero   RW          305    .bss                can.o
    0x20000294   0x00000048   Zero   RW          353    .bss                tim.o
    0x200002dc   0x000002ac   Zero   RW          397    .bss                usart.o
    0x20000588   0x00000054   Zero   RW          596    .bss                pid.o
    0x200005dc   0x00000054   Zero   RW          597    .bss                pid.o
    0x20000630   0x000000ec   Zero   RW          598    .bss                pid.o
    0x2000071c   0x000000ec   Zero   RW          599    .bss                pid.o
    0x20000808   0x000000ec   Zero   RW          600    .bss                pid.o
    0x200008f4   0x000000ec   Zero   RW          601    .bss                pid.o
    0x200009e0   0x000000ec   Zero   RW          602    .bss                pid.o
    0x20000acc   0x00000054   Zero   RW          603    .bss                pid.o
    0x20000b20   0x00000054   Zero   RW          604    .bss                pid.o
    0x20000b74   0x00000054   Zero   RW          605    .bss                pid.o
    0x20000bc8   0x00000058   Zero   RW          647    .bss                kinematics.o
    0x20000c20   0x00000018   Zero   RW          701    .bss                chassis_move.o
    0x20000c38   0x00000048   Zero   RW          879    .bss                remote_control.o
    0x20000c80   0x00000232   Zero   RW          956    .bss                referee.o
    0x20000eb2   0x00000036   Zero   RW         1164    .bss                referee_cmd.o
    0x20000ee8   0x00000518   Zero   RW         1297    .bss                bsp_referee.o
    0x20001400   0x00000060   Zero   RW         4718    .bss                c_w.l(libspace.o)
    0x20001460   0x00000200   Zero   RW            2    HEAP                startup_stm32f407xx.o
    0x20001660   0x00000400   Zero   RW            1    STACK               startup_stm32f407xx.o


==============================================================================

Image component sizes


      Code (inc. data)   RO Data    RW Data    ZI Data      Debug   Object Name

      1296        128          0         28          0       8586   bsp_can.o
       376         50          0          2       1304       2833   bsp_referee.o
       396         46          0          4         80       2538   can.o
      3136        278          0        464         24      12033   chassis_move.o
       168         18          0          4          0       1992   chassis_task.o
       238         20        768          2          0       5192   crc8_crc16.o
       124          4          0          0          0     712160   dma.o
       194          0          0          0          0       9557   fifo.o
       108          6          0          0          0        963   gpio.o
       632        100          0          0         88       3532   kinematics.o
       252         34          0          0          0       2192   main.o
        36          4          0          0          0        511   my_init.o
       460         10          0          0       1600       3363   pid.o
       912         56          0         18        562      10113   referee.o
       540         48          0          9         54       3506   referee_cmd.o
       704         64          0         24         72       5263   remote_control.o
        64         26        392          0       1536        848   startup_stm32f407xx.o
       144         24          0         12          0       8849   stm32f4xx_hal.o
      1638          6          0          0          0     710215   stm32f4xx_hal_can.o
       198         14          0          0          0      34003   stm32f4xx_hal_cortex.o
       752         16          8          0          0       4128   stm32f4xx_hal_dma.o
       496         46          0          0          0       1556   stm32f4xx_hal_gpio.o
        48          6          0          0          0        878   stm32f4xx_hal_msp.o
      1348         76          0          0          0       5304   stm32f4xx_hal_rcc.o
      1110         72          0          0          0      10325   stm32f4xx_hal_tim.o
       148         28          0          0          0       2497   stm32f4xx_hal_tim_ex.o
       664         10          0          0          0       4224   stm32f4xx_hal_uart.o
       116         48          0          0          0       8150   stm32f4xx_it.o
         0          0          0          2          0        236   supercap.o
        16          4         24          4          0       1163   system_stm32f4xx.o
       164         20          0          0         72       1742   tim.o
       832         78          0          0        684       3719   usart.o

    ----------------------------------------------------------------------
     17338       1340       1230        580       6076    1582171   Object Totals
         0          0         32          0          0          0   (incl. Generated)
        28          0          6          7          0          0   (incl. Padding)

    ----------------------------------------------------------------------

      Code (inc. data)   RO Data    RW Data    ZI Data      Debug   Library Member Name

        90          0          0          0          0          0   __dczerorl2.o
         8          0          0          0          0         68   __main.o
         0          0          0          0          0          0   __rtentry.o
        12          0          0          0          0          0   __rtentry2.o
         6          0          0          0          0          0   __rtentry4.o
        52          8          0          0          0          0   __scatter.o
        28          0          0          0          0          0   __scatter_zi.o
        22          0          0          0          0        100   _rserrno.o
        18          0          0          0          0         80   exit.o
         6          0          0          0          0        152   heapauxi.o
         0          0          0          0          0          0   indicate_semi.o
         2          0          0          0          0          0   libinit.o
         6          0          0          0          0          0   libinit2.o
         2          0          0          0          0          0   libshutdown.o
         2          0          0          0          0          0   libshutdown2.o
         8          4          0          0         96         68   libspace.o
       238          0          0          0          0        100   lludivv7m.o
         8          4          0          0          0         68   rt_errno_addr_intlibspace.o
        68          0          0          0          0         68   rt_memclr.o
        78          0          0          0          0         80   rt_memclr_w.o
       138          0          0          0          0         68   rt_memcpy_v6.o
       100          0          0          0          0         80   rt_memcpy_w.o
         2          0          0          0          0          0   rtexit.o
        10          0          0          0          0          0   rtexit2.o
        12          4          0          0          0         68   sys_exit.o
        74          0          0          0          0         80   sys_stackheap_outer.o
         2          0          0          0          0         68   use_no_semi.o
        24          0          0          0          0        164   basic.o
        98          4          0          0          0        140   d2f.o
       826         16          0          0          0        492   daddsub_clz.o
       688        140          0          0          0        256   ddiv.o
        94          4          0          0          0        140   dfix.o
        84          0          0          0          0        232   dflt_clz.o
       340         12          0          0          0        152   dmul.o
       156          4          0          0          0        140   dnaninf.o
        12          0          0          0          0        116   dretinf.o
       408         56          0          0          0        168   dsqrt_umaal.o
        86          4          0          0          0        132   f2d.o
       140          4          0          0          0        132   fnaninf.o
        10          0          0          0          0        116   fpinit.o
        10          0          0          0          0        116   fretinf.o
         0          0          0          0          0          0   usenofp.o
       200         20          0          0          0        164   cos.o
       368         46         48          0          0        200   cos_i.o
        84         16          0          0          0        372   dunder.o
        24          0          0          0          0        124   fabs.o
        48          0          0          0          0        124   fpclassify.o
       248          0          0          0          0        152   poly.o
      1080        142        200          0          0        188   rred.o
       200         20          0          0          0        164   sin.o
       304         24         40          0          0        208   sin_i.o
       122          0          0          0          0        148   sqrt.o

    ----------------------------------------------------------------------
      6672        532        288          0         96       5488   Library Totals
        26          0          0          0          0          0   (incl. Padding)

    ----------------------------------------------------------------------

      Code (inc. data)   RO Data    RW Data    ZI Data      Debug   Library Name

       992         20          0          0         96       1148   c_w.l
      2976        244          0          0          0       2496   fz_wm.l
      2678        268        288          0          0       1844   m_wm.l

    ----------------------------------------------------------------------
      6672        532        288          0         96       5488   Library Totals

    ----------------------------------------------------------------------

==============================================================================


      Code (inc. data)   RO Data    RW Data    ZI Data      Debug   

     24010       1872       1518        580       6172    1570639   Grand Totals
     24010       1872       1518        128       6172    1570639   ELF Image Totals (compressed)
     24010       1872       1518        128          0          0   ROM Totals

==============================================================================

    Total RO  Size (Code + RO Data)                25528 (  24.93kB)
    Total RW  Size (RW Data + ZI Data)              6752 (   6.59kB)
    Total ROM Size (Code + RO Data + RW Data)      25656 (  25.05kB)

==============================================================================

